#
# There is insufficient memory for the Java Runtime Environment to continue.
# Native memory allocation (malloc) failed to allocate 1907376 bytes. Error detail: Chunk::new
# Possible reasons:
#   The system is out of physical RAM or swap space
#   This process is running with CompressedOops enabled, and the Java Heap may be blocking the growth of the native heap
# Possible solutions:
#   Reduce memory load on the system
#   Increase physical memory or swap space
#   Check if swap backing store is full
#   Decrease Java heap size (-Xmx/-Xms)
#   Decrease number of Java threads
#   Decrease Java thread stack sizes (-Xss)
#   Set larger code cache with -XX:ReservedCodeCacheSize=
#   JVM is running with Unscaled Compressed Oops mode in which the Java heap is
#     placed in the first 4GB address space. The Java Heap base address is the
#     maximum limit for the native heap growth. Please use -XX:HeapBaseMinAddress
#     to set the Java Heap base and to place the Java Heap above 4GB virtual address.
# This output file may be truncated or incomplete.
#
#  Out of Memory Error (arena.cpp:168), pid=28272, tid=2640
#
# JRE version: OpenJDK Runtime Environment (21.0.10) (build 21.0.10+-14961533-b1163.108)
# Java VM: OpenJDK 64-Bit Server VM (21.0.10+-14961533-b1163.108, mixed mode, tiered, compressed oops, compressed class ptrs, g1 gc, windows-amd64)
# No core dump will be written. Minidumps are not enabled by default on client versions of Windows
#

---------------  S U M M A R Y ------------

Command Line: --add-opens=java.base/java.lang=ALL-UNNAMED --add-opens=java.base/java.lang.invoke=ALL-UNNAMED --add-opens=java.base/java.util=ALL-UNNAMED --add-opens=java.prefs/java.util.prefs=ALL-UNNAMED --add-exports=jdk.compiler/com.sun.tools.javac.api=ALL-UNNAMED --add-exports=jdk.compiler/com.sun.tools.javac.util=ALL-UNNAMED --add-opens=java.base/java.util=ALL-UNNAMED --add-opens=java.prefs/java.util.prefs=ALL-UNNAMED --add-opens=java.base/java.nio.charset=ALL-UNNAMED --add-opens=java.base/java.net=ALL-UNNAMED --add-opens=java.base/java.util.concurrent=ALL-UNNAMED --add-opens=java.base/java.util.concurrent.atomic=ALL-UNNAMED --add-opens=java.xml/javax.xml.namespace=ALL-UNNAMED --add-opens=java.base/java.time=ALL-UNNAMED -Xmx2048m -Dfile.encoding=UTF-8 -Duser.country=ES -Duser.language=es -Duser.variant -javaagent:C:\Users\siuni\.gradle\wrapper\dists\gradle-9.4.1-bin\arn2x92ynaizyzdaamcbpbhtj\gradle-9.4.1\lib\agents\gradle-instrumentation-agent-9.4.1.jar org.gradle.launcher.daemon.bootstrap.GradleDaemon 9.4.1

Host: 13th Gen Intel(R) Core(TM) i7-13700HX, 24 cores, 31G,  Windows 11 , 64 bit Build 26100 (10.0.26100.8875)
Time: Sat Aug  1 16:38:51 2026 Hora de verano romance elapsed time: 6.038055 seconds (0d 0h 0m 6s)

---------------  T H R E A D  ---------------

Current thread (0x0000014b1b672580):  JavaThread "C2 CompilerThread2" daemon [_thread_in_native, id=2640, stack(0x0000000deee00000,0x0000000deef00000) (1024K)]


Current CompileTask:
C2:6038 6212       4       java.lang.invoke.InvokerBytecodeGenerator::addMethod (725 bytes)

Stack: [0x0000000deee00000,0x0000000deef00000]
Native frames: (J=compiled Java code, j=interpreted, Vv=VM code, C=native code)
V  [jvm.dll+0x6d78a9]
V  [jvm.dll+0x8665b3]
V  [jvm.dll+0x868bde]
V  [jvm.dll+0x8692c3]
V  [jvm.dll+0x280ee6]
V  [jvm.dll+0xc07cd]
V  [jvm.dll+0xc0d03]
V  [jvm.dll+0x3ba091]
V  [jvm.dll+0x385df7]
V  [jvm.dll+0x38526a]
V  [jvm.dll+0x249bd2]
V  [jvm.dll+0x2491a1]
V  [jvm.dll+0x1c76e4]
V  [jvm.dll+0x25891e]
V  [jvm.dll+0x256e66]
V  [jvm.dll+0x3f513e]
V  [jvm.dll+0x80fd28]
V  [jvm.dll+0x6d60fd]
C  [ucrtbase.dll+0x2cd30]
C  [KERNEL32.DLL+0x2e957]
C  [ntdll.dll+0xaad6c]


---------------  P R O C E S S  ---------------

Threads class SMR info:
_java_thread_list=0x0000014b25516c20, length=69, elements={
0x0000014b00351b10, 0x0000014b1b1a4260, 0x0000014b1b1b4ca0, 0x0000014b1b1b5700,
0x0000014b1b1b89e0, 0x0000014b1b1e2a40, 0x0000014b1b1e34a0, 0x0000014b1b1e3f00,
0x0000014b1b1e5ca0, 0x0000014b1b1e6740, 0x0000014b1b4da060, 0x0000014b1b51b710,
0x0000014b1b5e9050, 0x0000014b1b816150, 0x0000014b1bab9a10, 0x0000014b1b672580,
0x0000014b21ff8530, 0x0000014b22411ad0, 0x0000014b212bcca0, 0x0000014b21bde4a0,
0x0000014b225fe810, 0x0000014b2123bb30, 0x0000014b20871580, 0x0000014b20870860,
0x0000014b2086e790, 0x0000014b208701d0, 0x0000014b20870ef0, 0x0000014b2086fb40,
0x0000014b2086e100, 0x0000014b237dfc60, 0x0000014b237dc7e0, 0x0000014b237ddb90,
0x0000014b237dce70, 0x0000014b237de8b0, 0x0000014b237def40, 0x0000014b24f804d0,
0x0000014b24f7ea90, 0x0000014b24f7f120, 0x0000014b24f7fe40, 0x0000014b24f7f7b0,
0x0000014b24f80b60, 0x0000014b24f811f0, 0x0000014b24f7dd70, 0x0000014b24f83fe0,
0x0000014b24f82c30, 0x0000014b24f81880, 0x0000014b24f84670, 0x0000014b24f825a0,
0x0000014b24f81f10, 0x0000014b24f83950, 0x0000014b24f832c0, 0x0000014b255ca9a0,
0x0000014b255ca310, 0x0000014b255c9c80, 0x0000014b255cb030, 0x0000014b255cb6c0,
0x0000014b255cc3e0, 0x0000014b255c8f60, 0x0000014b255cbd50, 0x0000014b255cca70,
0x0000014b255c95f0, 0x0000014b255ceb40, 0x0000014b255cfef0, 0x0000014b255cf860,
0x0000014b255d0580, 0x0000014b255cde20, 0x0000014b255cd100, 0x0000014b255cf1d0,
0x0000014b255cd790
}

Java Threads: ( => current thread )
  0x0000014b00351b10 JavaThread "main"                              [_thread_blocked, id=36060, stack(0x0000000ded800000,0x0000000ded900000) (1024K)]
  0x0000014b1b1a4260 JavaThread "Common-Cleaner"             daemon [_thread_blocked, id=6480, stack(0x0000000dee000000,0x0000000dee100000) (1024K)]
  0x0000014b1b1b4ca0 JavaThread "Reference Handler"          daemon [_thread_blocked, id=42168, stack(0x0000000dee100000,0x0000000dee200000) (1024K)]
  0x0000014b1b1b5700 JavaThread "Finalizer"                  daemon [_thread_blocked, id=10768, stack(0x0000000dee200000,0x0000000dee300000) (1024K)]
  0x0000014b1b1b89e0 JavaThread "Signal Dispatcher"          daemon [_thread_blocked, id=30976, stack(0x0000000dee300000,0x0000000dee400000) (1024K)]
  0x0000014b1b1e2a40 JavaThread "Attach Listener"            daemon [_thread_blocked, id=20216, stack(0x0000000dee400000,0x0000000dee500000) (1024K)]
  0x0000014b1b1e34a0 JavaThread "Service Thread"             daemon [_thread_blocked, id=42324, stack(0x0000000dee500000,0x0000000dee600000) (1024K)]
  0x0000014b1b1e3f00 JavaThread "Monitor Deflation Thread"   daemon [_thread_blocked, id=26640, stack(0x0000000dee600000,0x0000000dee700000) (1024K)]
  0x0000014b1b1e5ca0 JavaThread "C2 CompilerThread0"         daemon [_thread_in_native, id=7180, stack(0x0000000dee700000,0x0000000dee800000) (1024K)]
  0x0000014b1b1e6740 JavaThread "C1 CompilerThread0"         daemon [_thread_blocked, id=33552, stack(0x0000000dee800000,0x0000000dee900000) (1024K)]
  0x0000014b1b4da060 JavaThread "C1 CompilerThread1"         daemon [_thread_blocked, id=19004, stack(0x0000000dee900000,0x0000000deea00000) (1024K)]
  0x0000014b1b51b710 JavaThread "C1 CompilerThread2"         daemon [_thread_in_native, id=20788, stack(0x0000000deea00000,0x0000000deeb00000) (1024K)]
  0x0000014b1b5e9050 JavaThread "Notification Thread"        daemon [_thread_blocked, id=5764, stack(0x0000000deeb00000,0x0000000deec00000) (1024K)]
  0x0000014b1b816150 JavaThread "C2 CompilerThread1"         daemon [_thread_blocked, id=14872, stack(0x0000000deec00000,0x0000000deed00000) (1024K)]
  0x0000014b1bab9a10 JavaThread "C1 CompilerThread3"         daemon [_thread_in_vm, id=37080, stack(0x0000000deed00000,0x0000000deee00000) (1024K)]
=>0x0000014b1b672580 JavaThread "C2 CompilerThread2"         daemon [_thread_in_native, id=2640, stack(0x0000000deee00000,0x0000000deef00000) (1024K)]
  0x0000014b21ff8530 JavaThread "Daemon health stats"               [_thread_blocked, id=25480, stack(0x0000000defa00000,0x0000000defb00000) (1024K)]
  0x0000014b22411ad0 JavaThread "Incoming local TCP Connector on port 50691"        [_thread_in_native, id=19344, stack(0x0000000defb00000,0x0000000defc00000) (1024K)]
  0x0000014b212bcca0 JavaThread "Daemon periodic checks"            [_thread_blocked, id=14584, stack(0x0000000defc00000,0x0000000defd00000) (1024K)]
  0x0000014b21bde4a0 JavaThread "Daemon"                            [_thread_blocked, id=28824, stack(0x0000000defd00000,0x0000000defe00000) (1024K)]
  0x0000014b225fe810 JavaThread "Handler for socket connection from /127.0.0.1:50691 to /127.0.0.1:57738"        [_thread_in_native, id=27944, stack(0x0000000defe00000,0x0000000deff00000) (1024K)]
  0x0000014b2123bb30 JavaThread "Cancel handler"                    [_thread_blocked, id=43388, stack(0x0000000df0500000,0x0000000df0600000) (1024K)]
  0x0000014b20871580 JavaThread "Daemon worker"                     [_thread_in_Java, id=24164, stack(0x0000000df0600000,0x0000000df0700000) (1024K)]
  0x0000014b20870860 JavaThread "Asynchronous log dispatcher for DefaultDaemonConnection: socket connection from /127.0.0.1:50691 to /127.0.0.1:57738"        [_thread_blocked, id=27028, stack(0x0000000df0700000,0x0000000df0800000) (1024K)]
  0x0000014b2086e790 JavaThread "Stdin handler"                     [_thread_blocked, id=45136, stack(0x0000000df0800000,0x0000000df0900000) (1024K)]
  0x0000014b208701d0 JavaThread "Daemon client event forwarder"        [_thread_blocked, id=29296, stack(0x0000000df0900000,0x0000000df0a00000) (1024K)]
  0x0000014b20870ef0 JavaThread "Cache worker for journal cache (C:\Users\siuni\.gradle\caches\journal-1)"        [_thread_blocked, id=40188, stack(0x0000000df0a00000,0x0000000df0b00000) (1024K)]
  0x0000014b2086fb40 JavaThread "File lock request listener"        [_thread_in_native, id=40776, stack(0x0000000df0b00000,0x0000000df0c00000) (1024K)]
  0x0000014b2086e100 JavaThread "Cache worker for file hash cache (C:\Users\siuni\.gradle\caches\9.4.1\fileHashes)"        [_thread_blocked, id=40220, stack(0x0000000df0c00000,0x0000000df0d00000) (1024K)]
  0x0000014b237dfc60 JavaThread "Cache worker for file hash cache (C:\Users\siuni\UltiMusic\.gradle\9.4.1\fileHashes)"        [_thread_blocked, id=9296, stack(0x0000000df1100000,0x0000000df1200000) (1024K)]
  0x0000014b237dc7e0 JavaThread "Cache worker for Build Output Cleanup Cache (C:\Users\siuni\UltiMusic\.gradle\buildOutputCleanup)"        [_thread_blocked, id=29484, stack(0x0000000df1200000,0x0000000df1300000) (1024K)]
  0x0000014b237ddb90 JavaThread "File watcher server"        daemon [_thread_in_native, id=42816, stack(0x0000000df1300000,0x0000000df1400000) (1024K)]
  0x0000014b237dce70 JavaThread "File watcher consumer"      daemon [_thread_blocked, id=37240, stack(0x0000000df1400000,0x0000000df1500000) (1024K)]
  0x0000014b237de8b0 JavaThread "Cache worker for file content cache (C:\Users\siuni\.gradle\caches\9.4.1\fileContent)"        [_thread_blocked, id=19204, stack(0x0000000df1500000,0x0000000df1600000) (1024K)]
  0x0000014b237def40 JavaThread "Cache worker for checksums cache (C:\Users\siuni\UltiMusic\.gradle\9.4.1\checksums)"        [_thread_blocked, id=34216, stack(0x0000000df1600000,0x0000000df1700000) (1024K)]
  0x0000014b24f804d0 JavaThread "Cache worker for cache directory md-supplier (C:\Users\siuni\.gradle\caches\9.4.1\md-supplier)"        [_thread_blocked, id=19068, stack(0x0000000df1700000,0x0000000df1800000) (1024K)]
  0x0000014b24f7ea90 JavaThread "Cache worker for cache directory md-rule (C:\Users\siuni\.gradle\caches\9.4.1\md-rule)"        [_thread_blocked, id=14588, stack(0x0000000df1800000,0x0000000df1900000) (1024K)]
  0x0000014b24f7f120 JavaThread "jar transforms"                    [_thread_blocked, id=38460, stack(0x0000000df1900000,0x0000000df1a00000) (1024K)]
  0x0000014b24f7fe40 JavaThread "jar transforms Thread 2"           [_thread_blocked, id=30660, stack(0x0000000df1a00000,0x0000000df1b00000) (1024K)]
  0x0000014b24f7f7b0 JavaThread "jar transforms Thread 3"           [_thread_blocked, id=45852, stack(0x0000000df1b00000,0x0000000df1c00000) (1024K)]
  0x0000014b24f80b60 JavaThread "Build operations"                  [_thread_blocked, id=5744, stack(0x0000000df1c00000,0x0000000df1d00000) (1024K)]
  0x0000014b24f811f0 JavaThread "Build operations Thread 2"         [_thread_blocked, id=22368, stack(0x0000000df1d00000,0x0000000df1e00000) (1024K)]
  0x0000014b24f7dd70 JavaThread "Build operations Thread 3"         [_thread_blocked, id=22160, stack(0x0000000df1e00000,0x0000000df1f00000) (1024K)]
  0x0000014b24f83fe0 JavaThread "Build operations Thread 4"         [_thread_blocked, id=40740, stack(0x0000000df1f00000,0x0000000df2000000) (1024K)]
  0x0000014b24f82c30 JavaThread "Build operations Thread 5"         [_thread_blocked, id=20592, stack(0x0000000df2000000,0x0000000df2100000) (1024K)]
  0x0000014b24f81880 JavaThread "Build operations Thread 6"         [_thread_blocked, id=42328, stack(0x0000000df2100000,0x0000000df2200000) (1024K)]
  0x0000014b24f84670 JavaThread "Build operations Thread 7"         [_thread_blocked, id=46556, stack(0x0000000df2200000,0x0000000df2300000) (1024K)]
  0x0000014b24f825a0 JavaThread "Build operations Thread 8"         [_thread_blocked, id=24060, stack(0x0000000df2300000,0x0000000df2400000) (1024K)]
  0x0000014b24f81f10 JavaThread "Build operations Thread 9"         [_thread_blocked, id=30980, stack(0x0000000df2400000,0x0000000df2500000) (1024K)]
  0x0000014b24f83950 JavaThread "Build operations Thread 10"        [_thread_blocked, id=12184, stack(0x0000000df2500000,0x0000000df2600000) (1024K)]
  0x0000014b24f832c0 JavaThread "Build operations Thread 11"        [_thread_blocked, id=11740, stack(0x0000000df2600000,0x0000000df2700000) (1024K)]
  0x0000014b255ca9a0 JavaThread "Build operations Thread 12"        [_thread_blocked, id=37036, stack(0x0000000df2700000,0x0000000df2800000) (1024K)]
  0x0000014b255ca310 JavaThread "Build operations Thread 13"        [_thread_blocked, id=43404, stack(0x0000000df2800000,0x0000000df2900000) (1024K)]
  0x0000014b255c9c80 JavaThread "Build operations Thread 14"        [_thread_blocked, id=40132, stack(0x0000000df2900000,0x0000000df2a00000) (1024K)]
  0x0000014b255cb030 JavaThread "Build operations Thread 15"        [_thread_blocked, id=35516, stack(0x0000000df2a00000,0x0000000df2b00000) (1024K)]
  0x0000014b255cb6c0 JavaThread "Build operations Thread 16"        [_thread_blocked, id=12660, stack(0x0000000df2b00000,0x0000000df2c00000) (1024K)]
  0x0000014b255cc3e0 JavaThread "Build operations Thread 17"        [_thread_blocked, id=19020, stack(0x0000000df2c00000,0x0000000df2d00000) (1024K)]
  0x0000014b255c8f60 JavaThread "Build operations Thread 18"        [_thread_blocked, id=40020, stack(0x0000000df2d00000,0x0000000df2e00000) (1024K)]
  0x0000014b255cbd50 JavaThread "Build operations Thread 19"        [_thread_blocked, id=40096, stack(0x0000000df2e00000,0x0000000df2f00000) (1024K)]
  0x0000014b255cca70 JavaThread "Build operations Thread 20"        [_thread_blocked, id=29096, stack(0x0000000df2f00000,0x0000000df3000000) (1024K)]
  0x0000014b255c95f0 JavaThread "Build operations Thread 21"        [_thread_blocked, id=43084, stack(0x0000000df3000000,0x0000000df3100000) (1024K)]
  0x0000014b255ceb40 JavaThread "Build operations Thread 22"        [_thread_blocked, id=37860, stack(0x0000000df3100000,0x0000000df3200000) (1024K)]
  0x0000014b255cfef0 JavaThread "jar transforms Thread 4"           [_thread_blocked, id=12388, stack(0x0000000df3200000,0x0000000df3300000) (1024K)]
  0x0000014b255cf860 JavaThread "jar transforms Thread 5"           [_thread_blocked, id=28104, stack(0x0000000df3300000,0x0000000df3400000) (1024K)]
  0x0000014b255d0580 JavaThread "Build operations Thread 23"        [_thread_blocked, id=31572, stack(0x0000000df3400000,0x0000000df3500000) (1024K)]
  0x0000014b255cde20 JavaThread "Build operations Thread 24"        [_thread_blocked, id=2312, stack(0x0000000df3500000,0x0000000df3600000) (1024K)]
  0x0000014b255cd100 JavaThread "jar transforms Thread 6"           [_thread_blocked, id=17332, stack(0x0000000df3600000,0x0000000df3700000) (1024K)]
  0x0000014b255cf1d0 JavaThread "jar transforms Thread 7"           [_thread_blocked, id=41308, stack(0x0000000df3700000,0x0000000df3800000) (1024K)]
  0x0000014b255cd790 JavaThread "jar transforms Thread 8"           [_thread_blocked, id=5964, stack(0x0000000df3800000,0x0000000df3900000) (1024K)]
Total: 69

Other Threads:
  0x0000014b1b10a4e0 VMThread "VM Thread"                           [id=16740, stack(0x0000000dedf00000,0x0000000dee000000) (1024K)]
  0x0000014b1ab0cc70 WatcherThread "VM Periodic Task Thread"        [id=31568, stack(0x0000000dede00000,0x0000000dedf00000) (1024K)]
  0x0000014b7ff1e090 WorkerThread "GC Thread#0"                     [id=17188, stack(0x0000000ded900000,0x0000000deda00000) (1024K)]
  0x0000014b20395560 WorkerThread "GC Thread#1"                     [id=6284, stack(0x0000000deef00000,0x0000000def000000) (1024K)]
  0x0000014b20395910 WorkerThread "GC Thread#2"                     [id=26192, stack(0x0000000def000000,0x0000000def100000) (1024K)]
  0x0000014b208cc520 WorkerThread "GC Thread#3"                     [id=24940, stack(0x0000000def100000,0x0000000def200000) (1024K)]
  0x0000014b208cc8d0 WorkerThread "GC Thread#4"                     [id=2592, stack(0x0000000def200000,0x0000000def300000) (1024K)]
  0x0000014b2063b600 WorkerThread "GC Thread#5"                     [id=39164, stack(0x0000000def300000,0x0000000def400000) (1024K)]
  0x0000014b2063b9b0 WorkerThread "GC Thread#6"                     [id=28172, stack(0x0000000def400000,0x0000000def500000) (1024K)]
  0x0000014b205e1c60 WorkerThread "GC Thread#7"                     [id=38872, stack(0x0000000def500000,0x0000000def600000) (1024K)]
  0x0000014b205e2010 WorkerThread "GC Thread#8"                     [id=20868, stack(0x0000000def600000,0x0000000def700000) (1024K)]
  0x0000014b205e23c0 WorkerThread "GC Thread#9"                     [id=43540, stack(0x0000000def700000,0x0000000def800000) (1024K)]
  0x0000014b207322a0 WorkerThread "GC Thread#10"                    [id=36004, stack(0x0000000def800000,0x0000000def900000) (1024K)]
  0x0000014b20629ae0 WorkerThread "GC Thread#11"                    [id=22796, stack(0x0000000def900000,0x0000000defa00000) (1024K)]
  0x0000014b2135e080 WorkerThread "GC Thread#12"                    [id=13176, stack(0x0000000deff00000,0x0000000df0000000) (1024K)]
  0x0000014b2135ef40 WorkerThread "GC Thread#13"                    [id=31364, stack(0x0000000df0000000,0x0000000df0100000) (1024K)]
  0x0000014b21361070 WorkerThread "GC Thread#14"                    [id=15924, stack(0x0000000df0d00000,0x0000000df0e00000) (1024K)]
  0x0000014b2135f6a0 WorkerThread "GC Thread#15"                    [id=28996, stack(0x0000000df0e00000,0x0000000df0f00000) (1024K)]
  0x0000014b2135fa50 WorkerThread "GC Thread#16"                    [id=30040, stack(0x0000000df0f00000,0x0000000df1000000) (1024K)]
  0x0000014b21361b80 WorkerThread "GC Thread#17"                    [id=16236, stack(0x0000000df1000000,0x0000000df1100000) (1024K)]
  0x0000014b003b9dd0 ConcurrentGCThread "G1 Main Marker"            [id=23008, stack(0x0000000deda00000,0x0000000dedb00000) (1024K)]
  0x0000014b003bcd50 WorkerThread "G1 Conc#0"                       [id=36204, stack(0x0000000dedb00000,0x0000000dedc00000) (1024K)]
  0x0000014b2135e7e0 WorkerThread "G1 Conc#1"                       [id=17264, stack(0x0000000df0100000,0x0000000df0200000) (1024K)]
  0x0000014b21361420 WorkerThread "G1 Conc#2"                       [id=33048, stack(0x0000000df0200000,0x0000000df0300000) (1024K)]
  0x0000014b2135eb90 WorkerThread "G1 Conc#3"                       [id=28140, stack(0x0000000df0300000,0x0000000df0400000) (1024K)]
  0x0000014b2135fe00 WorkerThread "G1 Conc#4"                       [id=10504, stack(0x0000000df0400000,0x0000000df0500000) (1024K)]
  0x0000014b1afb2010 ConcurrentGCThread "G1 Refine#0"               [id=13044, stack(0x0000000dedc00000,0x0000000dedd00000) (1024K)]
  0x0000014b1afb2840 ConcurrentGCThread "G1 Service"                [id=44264, stack(0x0000000dedd00000,0x0000000dede00000) (1024K)]
Total: 28

Threads with active compile tasks:
C2 CompilerThread0  6067 6338       4       java.lang.AbstractStringBuilder::append (55 bytes)
C2 CompilerThread2  6067 6212       4       java.lang.invoke.InvokerBytecodeGenerator::addMethod (725 bytes)
Total: 2

VM state: not at safepoint (normal execution)

VM Mutex/Monitor currently owned by a thread: None

Heap address: 0x0000000080000000, size: 2048 MB, Compressed Oops mode: 32-bit

CDS archive(s) not mapped
Compressed class space mapped at: 0x0000000100000000-0x0000000140000000, reserved size: 1073741824
Narrow klass base: 0x0000000000000000, Narrow klass shift: 3, Narrow klass range: 0x140000000

GC Precious Log:
 CardTable entry size: 512
 Card Set container configuration: InlinePtr #cards 5 size 8 Array Of Cards #cards 12 size 40 Howl #buckets 4 coarsen threshold 1843 Howl Bitmap #cards 512 size 80 coarsen threshold 460 Card regions per heap region 1 cards per card region 2048
 CPUs: 24 total, 24 available
 Memory: 32507M
 Large Page Support: Disabled
 NUMA Support: Disabled
 Compressed Oops: Enabled (32-bit)
 Heap Region Size: 1M
 Heap Min Capacity: 8M
 Heap Initial Capacity: 508M
 Heap Max Capacity: 2G
 Pre-touch: Disabled
 Parallel Workers: 18
 Concurrent Workers: 5
 Concurrent Refinement Workers: 18
 Periodic GC: Disabled

Heap:
 garbage-first heap   total 88064K, used 54481K [0x0000000080000000, 0x0000000100000000)
  region size 1024K, 19 young (19456K), 6 survivors (6144K)
 Metaspace       used 57409K, committed 59072K, reserved 1114112K
  class space    used 8073K, committed 8896K, reserved 1048576K

Heap Regions: E=young(eden), S=young(survivor), O=old, HS=humongous(starts), HC=humongous(continues), CS=collection set, F=free, TAMS=top-at-mark-start, PB=parsable bottom
|   0|0x0000000080000000, 0x0000000080100000, 0x0000000080100000|100%|HS|  |TAMS 0x0000000080000000| PB 0x0000000080000000| Complete 
|   1|0x0000000080100000, 0x0000000080200000, 0x0000000080200000|100%|HC|  |TAMS 0x0000000080100000| PB 0x0000000080100000| Complete 
|   2|0x0000000080200000, 0x0000000080300000, 0x0000000080300000|100%|HC|  |TAMS 0x0000000080200000| PB 0x0000000080200000| Complete 
|   3|0x0000000080300000, 0x0000000080400000, 0x0000000080400000|100%|HC|  |TAMS 0x0000000080300000| PB 0x0000000080300000| Complete 
|   4|0x0000000080400000, 0x0000000080500000, 0x0000000080500000|100%| O|  |TAMS 0x0000000080400000| PB 0x0000000080400000| Untracked 
|   5|0x0000000080500000, 0x0000000080600000, 0x0000000080600000|100%| O|  |TAMS 0x0000000080500000| PB 0x0000000080500000| Untracked 
|   6|0x0000000080600000, 0x0000000080700000, 0x0000000080700000|100%| O|  |TAMS 0x0000000080600000| PB 0x0000000080600000| Untracked 
|   7|0x0000000080700000, 0x0000000080800000, 0x0000000080800000|100%| O|  |TAMS 0x0000000080700000| PB 0x0000000080700000| Untracked 
|   8|0x0000000080800000, 0x0000000080900000, 0x0000000080900000|100%| O|  |TAMS 0x0000000080800000| PB 0x0000000080800000| Untracked 
|   9|0x0000000080900000, 0x0000000080a00000, 0x0000000080a00000|100%| O|  |TAMS 0x0000000080900000| PB 0x0000000080900000| Untracked 
|  10|0x0000000080a00000, 0x0000000080b00000, 0x0000000080b00000|100%| O|  |TAMS 0x0000000080a00000| PB 0x0000000080a00000| Untracked 
|  11|0x0000000080b00000, 0x0000000080c00000, 0x0000000080c00000|100%| O|  |TAMS 0x0000000080b00000| PB 0x0000000080b00000| Untracked 
|  12|0x0000000080c00000, 0x0000000080d00000, 0x0000000080d00000|100%|HS|  |TAMS 0x0000000080c00000| PB 0x0000000080c00000| Complete 
|  13|0x0000000080d00000, 0x0000000080e00000, 0x0000000080e00000|100%| O|  |TAMS 0x0000000080d00000| PB 0x0000000080d00000| Untracked 
|  14|0x0000000080e00000, 0x0000000080f00000, 0x0000000080f00000|100%| O|  |TAMS 0x0000000080e00000| PB 0x0000000080e00000| Untracked 
|  15|0x0000000080f00000, 0x0000000081000000, 0x0000000081000000|100%| O|  |TAMS 0x0000000080f00000| PB 0x0000000080f00000| Untracked 
|  16|0x0000000081000000, 0x0000000081100000, 0x0000000081100000|100%| O|  |TAMS 0x0000000081000000| PB 0x0000000081000000| Untracked 
|  17|0x0000000081100000, 0x0000000081200000, 0x0000000081200000|100%| O|  |TAMS 0x0000000081100000| PB 0x0000000081100000| Untracked 
|  18|0x0000000081200000, 0x0000000081300000, 0x0000000081300000|100%| O|  |TAMS 0x0000000081200000| PB 0x0000000081200000| Untracked 
|  19|0x0000000081300000, 0x0000000081400000, 0x0000000081400000|100%| O|  |TAMS 0x0000000081300000| PB 0x0000000081300000| Untracked 
|  20|0x0000000081400000, 0x0000000081500000, 0x0000000081500000|100%| O|  |TAMS 0x0000000081400000| PB 0x0000000081400000| Untracked 
|  21|0x0000000081500000, 0x0000000081600000, 0x0000000081600000|100%| O|  |TAMS 0x0000000081500000| PB 0x0000000081500000| Untracked 
|  22|0x0000000081600000, 0x0000000081700000, 0x0000000081700000|100%| O|  |TAMS 0x0000000081600000| PB 0x0000000081600000| Untracked 
|  23|0x0000000081700000, 0x0000000081800000, 0x0000000081800000|100%| O|  |TAMS 0x0000000081700000| PB 0x0000000081700000| Untracked 
|  24|0x0000000081800000, 0x0000000081900000, 0x0000000081900000|100%| O|  |TAMS 0x0000000081800000| PB 0x0000000081800000| Untracked 
|  25|0x0000000081900000, 0x0000000081a00000, 0x0000000081a00000|100%| O|  |TAMS 0x0000000081900000| PB 0x0000000081900000| Untracked 
|  26|0x0000000081a00000, 0x0000000081b00000, 0x0000000081b00000|100%| O|  |TAMS 0x0000000081a00000| PB 0x0000000081a00000| Untracked 
|  27|0x0000000081b00000, 0x0000000081c00000, 0x0000000081c00000|100%| O|  |TAMS 0x0000000081b00000| PB 0x0000000081b00000| Untracked 
|  28|0x0000000081c00000, 0x0000000081d00000, 0x0000000081d00000|100%| O|  |TAMS 0x0000000081c00000| PB 0x0000000081c00000| Untracked 
|  29|0x0000000081d00000, 0x0000000081e00000, 0x0000000081e00000|100%| O|  |TAMS 0x0000000081d00000| PB 0x0000000081d00000| Untracked 
|  30|0x0000000081e00000, 0x0000000081f00000, 0x0000000081f00000|100%| O|  |TAMS 0x0000000081e00000| PB 0x0000000081e00000| Untracked 
|  31|0x0000000081f00000, 0x0000000082000000, 0x0000000082000000|100%| O|  |TAMS 0x0000000081f00000| PB 0x0000000081f00000| Untracked 
|  32|0x0000000082000000, 0x0000000082100000, 0x0000000082100000|100%| O|  |TAMS 0x0000000082000000| PB 0x0000000082000000| Untracked 
|  33|0x0000000082100000, 0x0000000082200000, 0x0000000082200000|100%| O|  |TAMS 0x0000000082100000| PB 0x0000000082100000| Untracked 
|  34|0x0000000082200000, 0x0000000082300000, 0x0000000082300000|100%| O|  |TAMS 0x0000000082200000| PB 0x0000000082200000| Untracked 
|  35|0x0000000082300000, 0x0000000082334400, 0x0000000082400000| 20%| O|  |TAMS 0x0000000082300000| PB 0x0000000082300000| Untracked 
|  36|0x0000000082400000, 0x0000000082400000, 0x0000000082500000|  0%| F|  |TAMS 0x0000000082400000| PB 0x0000000082400000| Untracked 
|  37|0x0000000082500000, 0x0000000082600000, 0x0000000082600000|100%| S|CS|TAMS 0x0000000082500000| PB 0x0000000082500000| Complete 
|  38|0x0000000082600000, 0x0000000082600000, 0x0000000082700000|  0%| F|  |TAMS 0x0000000082600000| PB 0x0000000082600000| Untracked 
|  39|0x0000000082700000, 0x0000000082700000, 0x0000000082800000|  0%| F|  |TAMS 0x0000000082700000| PB 0x0000000082700000| Untracked 
|  40|0x0000000082800000, 0x0000000082900000, 0x0000000082900000|100%| S|CS|TAMS 0x0000000082800000| PB 0x0000000082800000| Complete 
|  41|0x0000000082900000, 0x0000000082a00000, 0x0000000082a00000|100%| S|CS|TAMS 0x0000000082900000| PB 0x0000000082900000| Complete 
|  42|0x0000000082a00000, 0x0000000082b00000, 0x0000000082b00000|100%| S|CS|TAMS 0x0000000082a00000| PB 0x0000000082a00000| Complete 
|  43|0x0000000082b00000, 0x0000000082b00000, 0x0000000082c00000|  0%| F|  |TAMS 0x0000000082b00000| PB 0x0000000082b00000| Untracked 
|  44|0x0000000082c00000, 0x0000000082c00000, 0x0000000082d00000|  0%| F|  |TAMS 0x0000000082c00000| PB 0x0000000082c00000| Untracked 
|  45|0x0000000082d00000, 0x0000000082e00000, 0x0000000082e00000|100%| S|CS|TAMS 0x0000000082d00000| PB 0x0000000082d00000| Complete 
|  46|0x0000000082e00000, 0x0000000082f00000, 0x0000000082f00000|100%| S|CS|TAMS 0x0000000082e00000| PB 0x0000000082e00000| Complete 
|  47|0x0000000082f00000, 0x0000000082f00000, 0x0000000083000000|  0%| F|  |TAMS 0x0000000082f00000| PB 0x0000000082f00000| Untracked 
|  48|0x0000000083000000, 0x0000000083000000, 0x0000000083100000|  0%| F|  |TAMS 0x0000000083000000| PB 0x0000000083000000| Untracked 
|  49|0x0000000083100000, 0x0000000083100000, 0x0000000083200000|  0%| F|  |TAMS 0x0000000083100000| PB 0x0000000083100000| Untracked 
|  50|0x0000000083200000, 0x0000000083200000, 0x0000000083300000|  0%| F|  |TAMS 0x0000000083200000| PB 0x0000000083200000| Untracked 
|  51|0x0000000083300000, 0x0000000083300000, 0x0000000083400000|  0%| F|  |TAMS 0x0000000083300000| PB 0x0000000083300000| Untracked 
|  52|0x0000000083400000, 0x0000000083400000, 0x0000000083500000|  0%| F|  |TAMS 0x0000000083400000| PB 0x0000000083400000| Untracked 
|  53|0x0000000083500000, 0x0000000083500000, 0x0000000083600000|  0%| F|  |TAMS 0x0000000083500000| PB 0x0000000083500000| Untracked 
|  54|0x0000000083600000, 0x0000000083600000, 0x0000000083700000|  0%| F|  |TAMS 0x0000000083600000| PB 0x0000000083600000| Untracked 
|  55|0x0000000083700000, 0x0000000083700000, 0x0000000083800000|  0%| F|  |TAMS 0x0000000083700000| PB 0x0000000083700000| Untracked 
|  56|0x0000000083800000, 0x0000000083800000, 0x0000000083900000|  0%| F|  |TAMS 0x0000000083800000| PB 0x0000000083800000| Untracked 
|  57|0x0000000083900000, 0x0000000083900000, 0x0000000083a00000|  0%| F|  |TAMS 0x0000000083900000| PB 0x0000000083900000| Untracked 
|  58|0x0000000083a00000, 0x0000000083a00000, 0x0000000083b00000|  0%| F|  |TAMS 0x0000000083a00000| PB 0x0000000083a00000| Untracked 
|  59|0x0000000083b00000, 0x0000000083b00000, 0x0000000083c00000|  0%| F|  |TAMS 0x0000000083b00000| PB 0x0000000083b00000| Untracked 
|  60|0x0000000083c00000, 0x0000000083c00000, 0x0000000083d00000|  0%| F|  |TAMS 0x0000000083c00000| PB 0x0000000083c00000| Untracked 
|  61|0x0000000083d00000, 0x0000000083d00000, 0x0000000083e00000|  0%| F|  |TAMS 0x0000000083d00000| PB 0x0000000083d00000| Untracked 
|  62|0x0000000083e00000, 0x0000000083e00000, 0x0000000083f00000|  0%| F|  |TAMS 0x0000000083e00000| PB 0x0000000083e00000| Untracked 
|  63|0x0000000083f00000, 0x0000000083f00000, 0x0000000084000000|  0%| F|  |TAMS 0x0000000083f00000| PB 0x0000000083f00000| Untracked 
|  64|0x0000000084000000, 0x0000000084000000, 0x0000000084100000|  0%| F|  |TAMS 0x0000000084000000| PB 0x0000000084000000| Untracked 
|  65|0x0000000084100000, 0x0000000084100000, 0x0000000084200000|  0%| F|  |TAMS 0x0000000084100000| PB 0x0000000084100000| Untracked 
|  66|0x0000000084200000, 0x0000000084200000, 0x0000000084300000|  0%| F|  |TAMS 0x0000000084200000| PB 0x0000000084200000| Untracked 
|  67|0x0000000084300000, 0x0000000084300000, 0x0000000084400000|  0%| F|  |TAMS 0x0000000084300000| PB 0x0000000084300000| Untracked 
|  68|0x0000000084400000, 0x0000000084400000, 0x0000000084500000|  0%| F|  |TAMS 0x0000000084400000| PB 0x0000000084400000| Untracked 
|  69|0x0000000084500000, 0x0000000084500000, 0x0000000084600000|  0%| F|  |TAMS 0x0000000084500000| PB 0x0000000084500000| Untracked 
|  70|0x0000000084600000, 0x0000000084600000, 0x0000000084700000|  0%| F|  |TAMS 0x0000000084600000| PB 0x0000000084600000| Untracked 
|  71|0x0000000084700000, 0x0000000084700000, 0x0000000084800000|  0%| F|  |TAMS 0x0000000084700000| PB 0x0000000084700000| Untracked 
|  72|0x0000000084800000, 0x0000000084800000, 0x0000000084900000|  0%| F|  |TAMS 0x0000000084800000| PB 0x0000000084800000| Untracked 
|  73|0x0000000084900000, 0x00000000849d25e0, 0x0000000084a00000| 82%| E|  |TAMS 0x0000000084900000| PB 0x0000000084900000| Complete 
|  74|0x0000000084a00000, 0x0000000084b00000, 0x0000000084b00000|100%| E|CS|TAMS 0x0000000084a00000| PB 0x0000000084a00000| Complete 
|  75|0x0000000084b00000, 0x0000000084c00000, 0x0000000084c00000|100%| E|CS|TAMS 0x0000000084b00000| PB 0x0000000084b00000| Complete 
| 447|0x000000009bf00000, 0x000000009c000000, 0x000000009c000000|100%| E|CS|TAMS 0x000000009bf00000| PB 0x000000009bf00000| Complete 
| 448|0x000000009c000000, 0x000000009c100000, 0x000000009c100000|100%| E|CS|TAMS 0x000000009c000000| PB 0x000000009c000000| Complete 
| 449|0x000000009c100000, 0x000000009c200000, 0x000000009c200000|100%| E|CS|TAMS 0x000000009c100000| PB 0x000000009c100000| Complete 
| 450|0x000000009c200000, 0x000000009c300000, 0x000000009c300000|100%| E|CS|TAMS 0x000000009c200000| PB 0x000000009c200000| Complete 
| 451|0x000000009c300000, 0x000000009c400000, 0x000000009c400000|100%| E|CS|TAMS 0x000000009c300000| PB 0x000000009c300000| Complete 
| 452|0x000000009c400000, 0x000000009c500000, 0x000000009c500000|100%| E|CS|TAMS 0x000000009c400000| PB 0x000000009c400000| Complete 
| 453|0x000000009c500000, 0x000000009c600000, 0x000000009c600000|100%| E|CS|TAMS 0x000000009c500000| PB 0x000000009c500000| Complete 
| 454|0x000000009c600000, 0x000000009c700000, 0x000000009c700000|100%| E|CS|TAMS 0x000000009c600000| PB 0x000000009c600000| Complete 
| 455|0x000000009c700000, 0x000000009c800000, 0x000000009c800000|100%| E|CS|TAMS 0x000000009c700000| PB 0x000000009c700000| Complete 
| 507|0x000000009fb00000, 0x000000009fc00000, 0x000000009fc00000|100%| E|CS|TAMS 0x000000009fb00000| PB 0x000000009fb00000| Complete 

Card table byte_map: [0x0000014b15520000,0x0000014b15920000] _byte_map_base: 0x0000014b15120000

Marking Bits: (CMBitMap*) 0x0000014b7ff1e6b0
 Bits: [0x0000014b15920000, 0x0000014b17920000)

Polling page: 0x0000014b00410000

Metaspace:

Usage:
  Non-class:     48.19 MB used.
      Class:      7.89 MB used.
       Both:     56.07 MB used.

Virtual space:
  Non-class space:       64.00 MB reserved,      49.00 MB ( 77%) committed,  1 nodes.
      Class space:        1.00 GB reserved,       8.69 MB ( <1%) committed,  1 nodes.
             Both:        1.06 GB reserved,      57.69 MB (  5%) committed. 

Chunk freelists:
   Non-Class:  14.26 MB
       Class:  7.35 MB
        Both:  21.60 MB

MaxMetaspaceSize: unlimited
CompressedClassSpaceSize: 1.00 GB
Initial GC threshold: 21.00 MB
Current GC threshold: 59.38 MB
CDS: off
 - commit_granule_bytes: 65536.
 - commit_granule_words: 8192.
 - virtual_space_node_default_size: 8388608.
 - enlarge_chunks_in_place: 1.
 - use_allocation_guard: 0.


Internal statistics:

num_allocs_failed_limit: 9.
num_arena_births: 3172.
num_arena_deaths: 0.
num_vsnodes_births: 2.
num_vsnodes_deaths: 0.
num_space_committed: 923.
num_space_uncommitted: 0.
num_chunks_returned_to_freelist: 9.
num_chunks_taken_from_freelist: 5576.
num_chunk_merges: 9.
num_chunk_splits: 3576.
num_chunks_enlarged: 2138.
num_inconsistent_stats: 0.

CodeHeap 'non-profiled nmethods': size=119168Kb used=3475Kb max_used=3475Kb free=115692Kb
 bounds [0x0000014b0c770000, 0x0000014b0cae0000, 0x0000014b13bd0000]
CodeHeap 'profiled nmethods': size=119104Kb used=11607Kb max_used=11607Kb free=107496Kb
 bounds [0x0000014b04bd0000, 0x0000014b05730000, 0x0000014b0c020000]
CodeHeap 'non-nmethods': size=7488Kb used=3543Kb max_used=3599Kb free=3945Kb
 bounds [0x0000014b0c020000, 0x0000014b0c3b0000, 0x0000014b0c770000]
CodeCache: size=245760Kb, used=18625Kb, max_used=18681Kb, free=227133Kb
 total_blobs=6671, nmethods=5924, adapters=648, full_count=0
Compilation: enabled, stopped_count=0, restarted_count=0

Compilation events (20 events):
Event: 5.032 Thread 0x0000014b1bab9a10 nmethod 6285 0x0000014b056f2e90 code [0x0000014b056f3080, 0x0000014b056f3518]
Event: 5.032 Thread 0x0000014b1bab9a10 6287       3       com.google.common.util.concurrent.AbstractFuture::get (5 bytes)
Event: 5.032 Thread 0x0000014b1bab9a10 nmethod 6287 0x0000014b056f3710 code [0x0000014b056f38c0, 0x0000014b056f3a58]
Event: 5.033 Thread 0x0000014b1bab9a10 6288       3       com.google.common.util.concurrent.Platform::get (5 bytes)
Event: 5.033 Thread 0x0000014b1bab9a10 nmethod 6288 0x0000014b056f3b10 code [0x0000014b056f3cc0, 0x0000014b056f3de0]
Event: 5.033 Thread 0x0000014b1bab9a10 6289       3       com.google.common.util.concurrent.AbstractFutureState::blockingGet (148 bytes)
Event: 5.033 Thread 0x0000014b1b1e6740 nmethod 6282 0x0000014b056f3e90 code [0x0000014b056f4220, 0x0000014b056f5640]
Event: 5.033 Thread 0x0000014b1b1e6740 6290       3       com.google.common.util.concurrent.AbstractFuture::notInstanceOfDelegatingToFuture (13 bytes)
Event: 5.033 Thread 0x0000014b1b1e6740 nmethod 6290 0x0000014b056f6110 code [0x0000014b056f62c0, 0x0000014b056f64e0]
Event: 5.033 Thread 0x0000014b1b1e6740 6291       3       com.google.common.util.concurrent.AbstractFuture::getDoneValue (65 bytes)
Event: 5.033 Thread 0x0000014b1b4da060 nmethod 6284 0x0000014b056f6590 code [0x0000014b056f6920, 0x0000014b056f7ca8]
Event: 5.033 Thread 0x0000014b1b1e6740 nmethod 6291 0x0000014b056f8690 code [0x0000014b056f88c0, 0x0000014b056f90f0]
Event: 5.034 Thread 0x0000014b1bab9a10 nmethod 6289 0x0000014b056f9310 code [0x0000014b056f96a0, 0x0000014b056fae60]
Event: 5.034 Thread 0x0000014b1b1e6740 6293       3       com.google.common.cache.LocalCache$LocalManualCache::get (23 bytes)
Event: 5.034 Thread 0x0000014b1bab9a10 6294       3       com.google.common.base.Stopwatch::elapsedNanos (32 bytes)
Event: 5.034 Thread 0x0000014b1b1e6740 nmethod 6293 0x0000014b056fb610 code [0x0000014b056fb800, 0x0000014b056fbcf0]
Event: 5.035 Thread 0x0000014b1bab9a10 nmethod 6294 0x0000014b056fbf10 code [0x0000014b056fc0c0, 0x0000014b056fc318]
Event: 5.035 Thread 0x0000014b1b1e6740 6295       3       java.util.concurrent.FutureTask::awaitDone (214 bytes)
Event: 5.035 Thread 0x0000014b1b4da060 6296   !   3       java.util.concurrent.FutureTask::run (123 bytes)
Event: 5.035 Thread 0x0000014b1bab9a10 6297       3       java.util.concurrent.FutureTask::set (30 bytes)

GC Heap History (20 events):
Event: 0.427 GC heap before
{Heap before GC invocations=0 (full 0):
 garbage-first heap   total 520192K, used 29696K [0x0000000080000000, 0x0000000100000000)
  region size 1024K, 25 young (25600K), 0 survivors (0K)
 Metaspace       used 9961K, committed 10112K, reserved 1114112K
  class space    used 983K, committed 1024K, reserved 1048576K
}
Event: 0.432 GC heap after
{Heap after GC invocations=1 (full 0):
 garbage-first heap   total 520192K, used 11006K [0x0000000080000000, 0x0000000100000000)
  region size 1024K, 4 young (4096K), 4 survivors (4096K)
 Metaspace       used 9961K, committed 10112K, reserved 1114112K
  class space    used 983K, committed 1024K, reserved 1048576K
}
Event: 0.664 GC heap before
{Heap before GC invocations=1 (full 0):
 garbage-first heap   total 520192K, used 40702K [0x0000000080000000, 0x0000000100000000)
  region size 1024K, 33 young (33792K), 4 survivors (4096K)
 Metaspace       used 12916K, committed 13120K, reserved 1114112K
  class space    used 1414K, committed 1472K, reserved 1048576K
}
Event: 0.667 GC heap after
{Heap after GC invocations=2 (full 0):
 garbage-first heap   total 520192K, used 12726K [0x0000000080000000, 0x0000000100000000)
  region size 1024K, 2 young (2048K), 2 survivors (2048K)
 Metaspace       used 12916K, committed 13120K, reserved 1114112K
  class space    used 1414K, committed 1472K, reserved 1048576K
}
Event: 1.166 GC heap before
{Heap before GC invocations=2 (full 0):
 garbage-first heap   total 520192K, used 64950K [0x0000000080000000, 0x0000000100000000)
  region size 1024K, 52 young (53248K), 2 survivors (2048K)
 Metaspace       used 21162K, committed 21504K, reserved 1114112K
  class space    used 2470K, committed 2624K, reserved 1048576K
}
Event: 1.170 GC heap after
{Heap after GC invocations=3 (full 0):
 garbage-first heap   total 520192K, used 21059K [0x0000000080000000, 0x0000000100000000)
  region size 1024K, 9 young (9216K), 9 survivors (9216K)
 Metaspace       used 21162K, committed 21504K, reserved 1114112K
  class space    used 2470K, committed 2624K, reserved 1048576K
}
Event: 1.779 GC heap before
{Heap before GC invocations=4 (full 0):
 garbage-first heap   total 75776K, used 74307K [0x0000000080000000, 0x0000000100000000)
  region size 1024K, 61 young (62464K), 9 survivors (9216K)
 Metaspace       used 29567K, committed 30144K, reserved 1114112K
  class space    used 3800K, committed 4096K, reserved 1048576K
}
Event: 1.784 GC heap after
{Heap after GC invocations=5 (full 0):
 garbage-first heap   total 88064K, used 23931K [0x0000000080000000, 0x0000000100000000)
  region size 1024K, 12 young (12288K), 12 survivors (12288K)
 Metaspace       used 29567K, committed 30144K, reserved 1114112K
  class space    used 3800K, committed 4096K, reserved 1048576K
}
Event: 2.278 GC heap before
{Heap before GC invocations=5 (full 0):
 garbage-first heap   total 88064K, used 61819K [0x0000000080000000, 0x0000000100000000)
  region size 1024K, 49 young (50176K), 12 survivors (12288K)
 Metaspace       used 35376K, committed 36096K, reserved 1114112K
  class space    used 4628K, committed 4992K, reserved 1048576K
}
Event: 2.283 GC heap after
{Heap after GC invocations=6 (full 0):
 garbage-first heap   total 88064K, used 26431K [0x0000000080000000, 0x0000000100000000)
  region size 1024K, 6 young (6144K), 6 survivors (6144K)
 Metaspace       used 35376K, committed 36096K, reserved 1114112K
  class space    used 4628K, committed 4992K, reserved 1048576K
}
Event: 2.313 GC heap before
{Heap before GC invocations=6 (full 0):
 garbage-first heap   total 88064K, used 28479K [0x0000000080000000, 0x0000000100000000)
  region size 1024K, 9 young (9216K), 6 survivors (6144K)
 Metaspace       used 35710K, committed 36416K, reserved 1114112K
  class space    used 4675K, committed 5056K, reserved 1048576K
}
Event: 2.315 GC heap after
{Heap after GC invocations=7 (full 0):
 garbage-first heap   total 88064K, used 26972K [0x0000000080000000, 0x0000000100000000)
  region size 1024K, 3 young (3072K), 3 survivors (3072K)
 Metaspace       used 35710K, committed 36416K, reserved 1114112K
  class space    used 4675K, committed 5056K, reserved 1048576K
}
Event: 2.744 GC heap before
{Heap before GC invocations=8 (full 0):
 garbage-first heap   total 88064K, used 71004K [0x0000000080000000, 0x0000000100000000)
  region size 1024K, 46 young (47104K), 3 survivors (3072K)
 Metaspace       used 41722K, committed 42688K, reserved 1114112K
  class space    used 5731K, committed 6208K, reserved 1048576K
}
Event: 2.747 GC heap after
{Heap after GC invocations=9 (full 0):
 garbage-first heap   total 88064K, used 28890K [0x0000000080000000, 0x0000000100000000)
  region size 1024K, 5 young (5120K), 5 survivors (5120K)
 Metaspace       used 41722K, committed 42688K, reserved 1114112K
  class space    used 5731K, committed 6208K, reserved 1048576K
}
Event: 3.454 GC heap before
{Heap before GC invocations=9 (full 0):
 garbage-first heap   total 88064K, used 71898K [0x0000000080000000, 0x0000000100000000)
  region size 1024K, 48 young (49152K), 5 survivors (5120K)
 Metaspace       used 48693K, committed 50048K, reserved 1114112K
  class space    used 6713K, committed 7360K, reserved 1048576K
}
Event: 3.459 GC heap after
{Heap after GC invocations=10 (full 0):
 garbage-first heap   total 88064K, used 32382K [0x0000000080000000, 0x0000000100000000)
  region size 1024K, 6 young (6144K), 6 survivors (6144K)
 Metaspace       used 48693K, committed 50048K, reserved 1114112K
  class space    used 6713K, committed 7360K, reserved 1048576K
}
Event: 4.245 GC heap before
{Heap before GC invocations=10 (full 0):
 garbage-first heap   total 88064K, used 74366K [0x0000000080000000, 0x0000000100000000)
  region size 1024K, 47 young (48128K), 6 survivors (6144K)
 Metaspace       used 54081K, committed 55616K, reserved 1114112K
  class space    used 7580K, committed 8320K, reserved 1048576K
}
Event: 4.252 GC heap after
{Heap after GC invocations=11 (full 0):
 garbage-first heap   total 88064K, used 36119K [0x0000000080000000, 0x0000000100000000)
  region size 1024K, 4 young (4096K), 4 survivors (4096K)
 Metaspace       used 54081K, committed 55616K, reserved 1114112K
  class space    used 7580K, committed 8320K, reserved 1048576K
}
Event: 4.949 GC heap before
{Heap before GC invocations=11 (full 0):
 garbage-first heap   total 88064K, used 75031K [0x0000000080000000, 0x0000000100000000)
  region size 1024K, 43 young (44032K), 4 survivors (4096K)
 Metaspace       used 57199K, committed 58816K, reserved 1114112K
  class space    used 8047K, committed 8832K, reserved 1048576K
}
Event: 4.954 GC heap after
{Heap after GC invocations=12 (full 0):
 garbage-first heap   total 88064K, used 42193K [0x0000000080000000, 0x0000000100000000)
  region size 1024K, 6 young (6144K), 6 survivors (6144K)
 Metaspace       used 57199K, committed 58816K, reserved 1114112K
  class space    used 8047K, committed 8832K, reserved 1048576K
}

Dll operation events (3 events):
Event: 0.007 Loaded shared library C:\Program Files\Android\Android Studio\jbr\bin\java.dll
Event: 0.013 Loaded shared library C:\Program Files\Android\Android Studio\jbr\bin\zip.dll
Event: 0.398 Loaded shared library C:\Program Files\Android\Android Studio\jbr\bin\verify.dll

Deoptimization events (20 events):
Event: 4.900 Thread 0x0000014b20871580 Uncommon trap: trap_request=0xffffffbe fr.pc=0x0000014b0cacd134 relative=0x0000000000000334
Event: 4.900 Thread 0x0000014b20871580 Uncommon trap: reason=profile_predicate action=maybe_recompile pc=0x0000014b0cacd134 method=sun.instrument.TransformerManager.transform(Ljava/lang/Module;Ljava/lang/ClassLoader;Ljava/lang/String;Ljava/lang/Class;Ljava/security/ProtectionDomain;[B)[B @ 21 
Event: 4.900 Thread 0x0000014b20871580 DEOPT PACKING pc=0x0000014b0cacd134 sp=0x0000000df06f7e30
Event: 4.900 Thread 0x0000014b20871580 DEOPT UNPACKING pc=0x0000014b0c0743a2 sp=0x0000000df06f7d00 mode 2
Event: 4.900 Thread 0x0000014b20871580 Uncommon trap: trap_request=0xffffffbe fr.pc=0x0000014b0cacd134 relative=0x0000000000000334
Event: 4.900 Thread 0x0000014b20871580 Uncommon trap: reason=profile_predicate action=maybe_recompile pc=0x0000014b0cacd134 method=sun.instrument.TransformerManager.transform(Ljava/lang/Module;Ljava/lang/ClassLoader;Ljava/lang/String;Ljava/lang/Class;Ljava/security/ProtectionDomain;[B)[B @ 21 
Event: 4.900 Thread 0x0000014b20871580 DEOPT PACKING pc=0x0000014b0cacd134 sp=0x0000000df06f7e50
Event: 4.900 Thread 0x0000014b20871580 DEOPT UNPACKING pc=0x0000014b0c0743a2 sp=0x0000000df06f7d20 mode 2
Event: 4.901 Thread 0x0000014b20871580 Uncommon trap: trap_request=0xffffffbe fr.pc=0x0000014b0cacd134 relative=0x0000000000000334
Event: 4.901 Thread 0x0000014b20871580 Uncommon trap: reason=profile_predicate action=maybe_recompile pc=0x0000014b0cacd134 method=sun.instrument.TransformerManager.transform(Ljava/lang/Module;Ljava/lang/ClassLoader;Ljava/lang/String;Ljava/lang/Class;Ljava/security/ProtectionDomain;[B)[B @ 21 
Event: 4.901 Thread 0x0000014b20871580 DEOPT PACKING pc=0x0000014b0cacd134 sp=0x0000000df06f81f0
Event: 4.901 Thread 0x0000014b20871580 DEOPT UNPACKING pc=0x0000014b0c0743a2 sp=0x0000000df06f80c0 mode 2
Event: 4.959 Thread 0x0000014b20871580 Uncommon trap: trap_request=0xffffffc6 fr.pc=0x0000014b0ca68fac relative=0x00000000000000ec
Event: 4.959 Thread 0x0000014b20871580 Uncommon trap: reason=bimorphic_or_optimized_type_check action=maybe_recompile pc=0x0000014b0ca68fac method=com.google.common.collect.AbstractIndexedListIterator.next()Ljava/lang/Object; @ 27 c2
Event: 4.959 Thread 0x0000014b20871580 DEOPT PACKING pc=0x0000014b0ca68fac sp=0x0000000df06f94c0
Event: 4.959 Thread 0x0000014b20871580 DEOPT UNPACKING pc=0x0000014b0c0743a2 sp=0x0000000df06f9458 mode 2
Event: 4.959 Thread 0x0000014b20871580 Uncommon trap: trap_request=0xffffffc6 fr.pc=0x0000014b0ca68fac relative=0x00000000000000ec
Event: 4.959 Thread 0x0000014b20871580 Uncommon trap: reason=bimorphic_or_optimized_type_check action=maybe_recompile pc=0x0000014b0ca68fac method=com.google.common.collect.AbstractIndexedListIterator.next()Ljava/lang/Object; @ 27 c2
Event: 4.959 Thread 0x0000014b20871580 DEOPT PACKING pc=0x0000014b0ca68fac sp=0x0000000df06f94c0
Event: 4.959 Thread 0x0000014b20871580 DEOPT UNPACKING pc=0x0000014b0c0743a2 sp=0x0000000df06f9458 mode 2

Classes loaded (20 events):
Event: 4.646 Loading class java/lang/ThreadDeath
Event: 4.646 Loading class java/lang/ThreadDeath done
Event: 4.647 Loading class sun/misc/SharedSecrets
Event: 4.647 Loading class sun/misc/SharedSecrets done
Event: 4.732 Loading class java/util/AbstractList$ListItr
Event: 4.732 Loading class java/util/AbstractList$ListItr done
Event: 4.787 Loading class java/lang/invoke/BoundMethodHandle$Species_LLLI
Event: 4.787 Loading class java/lang/invoke/BoundMethodHandle$Species_LLLI done
Event: 4.788 Loading class java/lang/invoke/BoundMethodHandle$Species_LLLIL
Event: 4.788 Loading class java/lang/invoke/BoundMethodHandle$Species_LLLIL done
Event: 4.789 Loading class java/lang/invoke/BoundMethodHandle$Species_LLLILL
Event: 4.789 Loading class java/lang/invoke/BoundMethodHandle$Species_LLLILL done
Event: 4.834 Loading class java/nio/file/AccessMode
Event: 4.834 Loading class java/nio/file/AccessMode done
Event: 4.842 Loading class java/util/Collections$SynchronizedRandomAccessList
Event: 4.842 Loading class java/util/Collections$SynchronizedList
Event: 4.842 Loading class java/util/Collections$SynchronizedList done
Event: 4.842 Loading class java/util/Collections$SynchronizedRandomAccessList done
Event: 4.946 Loading class java/nio/file/FileSystemLoopException
Event: 4.946 Loading class java/nio/file/FileSystemLoopException done

Classes unloaded (0 events):
No events

Classes redefined (0 events):
No events

Internal exceptions (20 events):
Event: 4.807 Thread 0x0000014b20871580 Exception <a 'sun/nio/fs/WindowsException'{0x000000008358e300}> (0x000000008358e300) 
thrown [s\src\hotspot\share\prims\jni.cpp, line 537]
Event: 4.807 Thread 0x0000014b20871580 Exception <a 'sun/nio/fs/WindowsException'{0x000000008358fae8}> (0x000000008358fae8) 
thrown [s\src\hotspot\share\prims\jni.cpp, line 537]
Event: 4.831 Thread 0x0000014b20871580 Exception <a 'java/lang/IncompatibleClassChangeError'{0x0000000083336650}: Found class java.lang.Object, but interface was expected> (0x0000000083336650) 
thrown [s\src\hotspot\share\interpreter\linkResolver.cpp, line 851]
Event: 4.834 Thread 0x0000014b20871580 Exception <a 'sun/nio/fs/WindowsException'{0x000000008334f6e8}> (0x000000008334f6e8) 
thrown [s\src\hotspot\share\prims\jni.cpp, line 537]
Event: 4.834 Thread 0x0000014b20871580 Exception <a 'sun/nio/fs/WindowsException'{0x00000000833511a0}> (0x00000000833511a0) 
thrown [s\src\hotspot\share\prims\jni.cpp, line 537]
Event: 4.835 Thread 0x0000014b20871580 Exception <a 'sun/nio/fs/WindowsException'{0x00000000833526f0}> (0x00000000833526f0) 
thrown [s\src\hotspot\share\prims\jni.cpp, line 537]
Event: 4.835 Thread 0x0000014b20871580 Exception <a 'sun/nio/fs/WindowsException'{0x0000000083353c50}> (0x0000000083353c50) 
thrown [s\src\hotspot\share\prims\jni.cpp, line 537]
Event: 4.838 Thread 0x0000014b20871580 Exception <a 'java/lang/NoSuchMethodError'{0x000000008336c6d8}: 'java.lang.Object java.lang.invoke.Invokers$Holder.invoker(java.lang.Object, java.lang.Object, java.lang.Object, java.lang.Object, java.lang.Object, java.lang.Object)'> (0x000000008336c6d8) 
thrown [s\src\hotspot\share\interpreter\linkResolver.cpp, line 784]
Event: 4.850 Thread 0x0000014b20871580 Exception <a 'java/lang/NoSuchMethodError'{0x000000008320ffe8}: 'java.lang.Object java.lang.invoke.Invokers$Holder.invoker(java.lang.Object, java.lang.Object, java.lang.Object, java.lang.Object, java.lang.Object, java.lang.Object, java.lang.Object, java.lang.Object, java.lang.Object, java.lang.Object, java.lang.Object, java.lang.Object, java.lang.Object, java.lang.Object, java.lang.Object, java.lang.Object, java.lang.Object, java.lang.Object, java.lang.Object, java.lang.Object, java.lang.Object, java.lang.
Event: 4.851 Thread 0x0000014b20871580 Exception <a 'java/lang/NoSuchMethodError'{0x0000000083216c60}: 'java.lang.Object java.lang.invoke.DelegatingMethodHandle$Holder.delegate(java.lang.Object, java.lang.Object, java.lang.Object, java.lang.Object, java.lang.Object, java.lang.Object, java.lang.Object, java.lang.Object, java.lang.Object, java.lang.Object, java.lang.Object, java.lang.Object, java.lang.Object, java.lang.Object, java.lang.Object, java.lang.Object, java.lang.Object, java.lang.Object, java.lang.Object, java.lang.Object, java.lang.Obj
Event: 4.861 Thread 0x0000014b20871580 Exception <a 'sun/nio/fs/WindowsException'{0x0000000083113378}> (0x0000000083113378) 
thrown [s\src\hotspot\share\prims\jni.cpp, line 537]
Event: 4.862 Thread 0x0000014b20871580 Exception <a 'sun/nio/fs/WindowsException'{0x0000000083114e10}> (0x0000000083114e10) 
thrown [s\src\hotspot\share\prims\jni.cpp, line 537]
Event: 4.867 Thread 0x0000014b20871580 Exception <a 'sun/nio/fs/WindowsException'{0x0000000083169090}> (0x0000000083169090) 
thrown [s\src\hotspot\share\prims\jni.cpp, line 537]
Event: 4.868 Thread 0x0000014b20871580 Exception <a 'sun/nio/fs/WindowsException'{0x000000008316ab28}> (0x000000008316ab28) 
thrown [s\src\hotspot\share\prims\jni.cpp, line 537]
Event: 4.889 Thread 0x0000014b20871580 Exception <a 'java/lang/NoSuchMethodError'{0x00000000830959a8}: 'java.lang.Object java.lang.invoke.DirectMethodHandle$Holder.newInvokeSpecial(java.lang.Object, java.lang.Object, java.lang.Object, java.lang.Object, java.lang.Object, java.lang.Object, int)'> (0x00000000830959a8) 
thrown [s\src\hotspot\share\interpreter\linkResolver.cpp, line 784]
Event: 4.889 Thread 0x0000014b20871580 Exception <a 'java/lang/NoSuchMethodError'{0x000000008309a610}: 'java.lang.Object java.lang.invoke.DirectMethodHandle$Holder.invokeSpecial(java.lang.Object, java.lang.Object, java.lang.Object, java.lang.Object, java.lang.Object, java.lang.Object, java.lang.Object, int)'> (0x000000008309a610) 
thrown [s\src\hotspot\share\interpreter\linkResolver.cpp, line 784]
Event: 4.889 Thread 0x0000014b20871580 Exception <a 'java/lang/NoSuchMethodError'{0x000000008309e7d0}: 'java.lang.Object java.lang.invoke.Invokers$Holder.linkToTargetMethod(java.lang.Object, java.lang.Object, java.lang.Object, java.lang.Object, java.lang.Object, int, java.lang.Object)'> (0x000000008309e7d0) 
thrown [s\src\hotspot\share\interpreter\linkResolver.cpp, line 784]
Event: 4.987 Thread 0x0000014b20871580 Exception <a 'sun/nio/fs/WindowsException'{0x000000009bf7c2f0}> (0x000000009bf7c2f0) 
thrown [s\src\hotspot\share\prims\jni.cpp, line 537]
Event: 5.022 Thread 0x0000014b20871580 Exception <a 'java/lang/NoSuchMethodError'{0x0000000084a6d028}: 'java.lang.Object java.lang.invoke.DirectMethodHandle$Holder.newInvokeSpecial(java.lang.Object, java.lang.Object, int, java.lang.Object, java.lang.Object, java.lang.Object, java.lang.Object)'> (0x0000000084a6d028) 
thrown [s\src\hotspot\share\interpreter\linkResolver.cpp, line 784]
Event: 5.022 Thread 0x0000014b20871580 Exception <a 'java/lang/NoSuchMethodError'{0x0000000084a75858}: 'java.lang.Object java.lang.invoke.Invokers$Holder.linkToTargetMethod(java.lang.Object, int, java.lang.Object, java.lang.Object, java.lang.Object, java.lang.Object, java.lang.Object)'> (0x0000000084a75858) 
thrown [s\src\hotspot\share\interpreter\linkResolver.cpp, line 784]

ZGC Phase Switch (0 events):
No events

VM Operations (20 events):
Event: 3.821 Executing safepoint VM operation: ICBufferFull done
Event: 3.896 Executing non-safepoint VM operation: HandshakeAllThreads (Deoptimize)
Event: 3.896 Executing non-safepoint VM operation: HandshakeAllThreads (Deoptimize) done
Event: 3.903 Executing non-safepoint VM operation: HandshakeAllThreads (Deoptimize)
Event: 3.903 Executing non-safepoint VM operation: HandshakeAllThreads (Deoptimize) done
Event: 4.245 Executing safepoint VM operation: G1CollectForAllocation (G1 Evacuation Pause)
Event: 4.252 Executing safepoint VM operation: G1CollectForAllocation (G1 Evacuation Pause) done
Event: 4.527 Executing safepoint VM operation: ICBufferFull
Event: 4.527 Executing safepoint VM operation: ICBufferFull done
Event: 4.672 Executing safepoint VM operation: ICBufferFull
Event: 4.672 Executing safepoint VM operation: ICBufferFull done
Event: 4.733 Executing non-safepoint VM operation: HandshakeAllThreads (Deoptimize)
Event: 4.733 Executing non-safepoint VM operation: HandshakeAllThreads (Deoptimize) done
Event: 4.824 Executing safepoint VM operation: ICBufferFull
Event: 4.824 Executing safepoint VM operation: ICBufferFull done
Event: 4.845 Executing non-safepoint VM operation: HandshakeAllThreads (Deoptimize)
Event: 4.845 Executing non-safepoint VM operation: HandshakeAllThreads (Deoptimize) done
Event: 4.948 Executing safepoint VM operation: G1CollectForAllocation (G1 Evacuation Pause)
Event: 4.954 Executing safepoint VM operation: G1CollectForAllocation (G1 Evacuation Pause) done
Event: 5.957 Executing safepoint VM operation: Cleanup

Memory protections (0 events):
No events

Nmethod flushes (20 events):
Event: 2.321 Thread 0x0000014b1b10a4e0 flushing  nmethod 0x0000014b04d9d990
Event: 2.321 Thread 0x0000014b1b10a4e0 flushing  nmethod 0x0000014b04e08b10
Event: 2.321 Thread 0x0000014b1b10a4e0 flushing  nmethod 0x0000014b04e0c310
Event: 2.321 Thread 0x0000014b1b10a4e0 flushing  nmethod 0x0000014b04cf0010
Event: 2.321 Thread 0x0000014b1b10a4e0 flushing  nmethod 0x0000014b04cf1810
Event: 2.321 Thread 0x0000014b1b10a4e0 flushing  nmethod 0x0000014b04cf2610
Event: 2.321 Thread 0x0000014b1b10a4e0 flushing  nmethod 0x0000014b04cf2e10
Event: 2.321 Thread 0x0000014b1b10a4e0 flushing  nmethod 0x0000014b04cf4f90
Event: 2.321 Thread 0x0000014b1b10a4e0 flushing  nmethod 0x0000014b04cf9c10
Event: 2.321 Thread 0x0000014b1b10a4e0 flushing  nmethod 0x0000014b04cfa410
Event: 2.321 Thread 0x0000014b1b10a4e0 flushing  nmethod 0x0000014b04e72f90
Event: 2.321 Thread 0x0000014b1b10a4e0 flushing  nmethod 0x0000014b04f2ea10
Event: 2.321 Thread 0x0000014b1b10a4e0 flushing  nmethod 0x0000014b04fdf810
Event: 2.321 Thread 0x0000014b1b10a4e0 flushing  nmethod 0x0000014b04fdfc10
Event: 2.321 Thread 0x0000014b1b10a4e0 flushing  nmethod 0x0000014b0509a490
Event: 2.321 Thread 0x0000014b1b10a4e0 flushing  nmethod 0x0000014b04f1b790
Event: 2.321 Thread 0x0000014b1b10a4e0 flushing  nmethod 0x0000014b04fa5810
Event: 2.321 Thread 0x0000014b1b10a4e0 flushing  nmethod 0x0000014b0502f310
Event: 2.321 Thread 0x0000014b1b10a4e0 flushing  nmethod 0x0000014b0502f610
Event: 2.321 Thread 0x0000014b1b10a4e0 flushing  nmethod 0x0000014b05030310

Events (20 events):
Event: 4.415 Thread 0x0000014b20871580 Thread added: 0x0000014b24f83950
Event: 4.417 Thread 0x0000014b20871580 Thread added: 0x0000014b24f832c0
Event: 4.486 Thread 0x0000014b20871580 Thread added: 0x0000014b255ca9a0
Event: 4.487 Thread 0x0000014b20871580 Thread added: 0x0000014b255ca310
Event: 4.487 Thread 0x0000014b20871580 Thread added: 0x0000014b255c9c80
Event: 4.488 Thread 0x0000014b20871580 Thread added: 0x0000014b255cb030
Event: 4.489 Thread 0x0000014b20871580 Thread added: 0x0000014b255cb6c0
Event: 4.490 Thread 0x0000014b20871580 Thread added: 0x0000014b255cc3e0
Event: 4.490 Thread 0x0000014b20871580 Thread added: 0x0000014b255c8f60
Event: 4.491 Thread 0x0000014b20871580 Thread added: 0x0000014b255cbd50
Event: 4.491 Thread 0x0000014b20871580 Thread added: 0x0000014b255cca70
Event: 4.491 Thread 0x0000014b20871580 Thread added: 0x0000014b255c95f0
Event: 4.492 Thread 0x0000014b20871580 Thread added: 0x0000014b255ceb40
Event: 4.602 Thread 0x0000014b20871580 Thread added: 0x0000014b255cfef0
Event: 4.684 Thread 0x0000014b20871580 Thread added: 0x0000014b255cf860
Event: 4.724 Thread 0x0000014b20871580 Thread added: 0x0000014b255d0580
Event: 4.725 Thread 0x0000014b20871580 Thread added: 0x0000014b255cde20
Event: 4.741 Thread 0x0000014b20871580 Thread added: 0x0000014b255cd100
Event: 4.767 Thread 0x0000014b20871580 Thread added: 0x0000014b255cf1d0
Event: 4.775 Thread 0x0000014b20871580 Thread added: 0x0000014b255cd790


Dynamic libraries:
0x00007ff6dc220000 - 0x00007ff6dc22a000 	C:\Program Files\Android\Android Studio\jbr\bin\java.exe
0x00007ff9f54e0000 - 0x00007ff9f5746000 	C:\WINDOWS\SYSTEM32\ntdll.dll
0x00007ff9f4880000 - 0x00007ff9f4949000 	C:\WINDOWS\System32\KERNEL32.DLL
0x00007ff9f2830000 - 0x00007ff9f2c2e000 	C:\WINDOWS\System32\KERNELBASE.dll
0x00007ff9f2ff0000 - 0x00007ff9f313c000 	C:\WINDOWS\System32\ucrtbase.dll
0x00007ff9e50c0000 - 0x00007ff9e50d8000 	C:\Program Files\Android\Android Studio\jbr\bin\jli.dll
0x00007ff9e6b80000 - 0x00007ff9e6b9b000 	C:\Program Files\Android\Android Studio\jbr\bin\VCRUNTIME140.dll
0x00007ff9f41c0000 - 0x00007ff9f4387000 	C:\WINDOWS\System32\USER32.dll
0x00007ff9d3770000 - 0x00007ff9d3a02000 	C:\WINDOWS\WinSxS\amd64_microsoft.windows.common-controls_6595b64144ccf1df_6.0.26100.8875_none_3e0d5d42e32fe9dd\COMCTL32.dll
0x00007ff9f3150000 - 0x00007ff9f3177000 	C:\WINDOWS\System32\win32u.dll
0x00007ff9f4600000 - 0x00007ff9f462b000 	C:\WINDOWS\System32\GDI32.dll
0x00007ff9f4c80000 - 0x00007ff9f4d29000 	C:\WINDOWS\System32\msvcrt.dll
0x00007ff9f2700000 - 0x00007ff9f282a000 	C:\WINDOWS\System32\gdi32full.dll
0x00007ff9f2c40000 - 0x00007ff9f2ce3000 	C:\WINDOWS\System32\msvcp_win.dll
0x00007ff9f5460000 - 0x00007ff9f5492000 	C:\WINDOWS\System32\IMM32.DLL
0x00007ff9d83c0000 - 0x00007ff9d83cc000 	C:\Program Files\Android\Android Studio\jbr\bin\vcruntime140_1.dll
0x00007ff9aeb70000 - 0x00007ff9aebfd000 	C:\Program Files\Android\Android Studio\jbr\bin\msvcp140.dll
0x00007ff96e2e0000 - 0x00007ff96ef76000 	C:\Program Files\Android\Android Studio\jbr\bin\server\jvm.dll
0x00007ff9f4040000 - 0x00007ff9f40f7000 	C:\WINDOWS\System32\ADVAPI32.dll
0x00007ff9f3340000 - 0x00007ff9f33ea000 	C:\WINDOWS\System32\sechost.dll
0x00007ff9f4ad0000 - 0x00007ff9f4be8000 	C:\WINDOWS\System32\RPCRT4.dll
0x00007ff9f4bf0000 - 0x00007ff9f4c70000 	C:\WINDOWS\System32\WS2_32.dll
0x00007ff9e3f40000 - 0x00007ff9e3f4b000 	C:\WINDOWS\SYSTEM32\VERSION.dll
0x00007ff9e2d60000 - 0x00007ff9e2d96000 	C:\WINDOWS\SYSTEM32\WINMM.dll
0x00007ff9f1210000 - 0x00007ff9f126e000 	C:\WINDOWS\SYSTEM32\POWRPROF.dll
0x00007ff9f11f0000 - 0x00007ff9f1204000 	C:\WINDOWS\SYSTEM32\UMPDC.dll
0x00007ff9f14e0000 - 0x00007ff9f14fb000 	C:\WINDOWS\SYSTEM32\kernel.appcore.dll
0x00007ff9d83b0000 - 0x00007ff9d83ba000 	C:\Program Files\Android\Android Studio\jbr\bin\jimage.dll
0x00007ff9ef930000 - 0x00007ff9efb72000 	C:\WINDOWS\SYSTEM32\DBGHELP.DLL
0x00007ff9f50d0000 - 0x00007ff9f5453000 	C:\WINDOWS\System32\combase.dll
0x00007ff9f3260000 - 0x00007ff9f3339000 	C:\WINDOWS\System32\OLEAUT32.dll
0x00007ff9d0740000 - 0x00007ff9d077b000 	C:\WINDOWS\SYSTEM32\dbgcore.DLL
0x00007ff9f2e70000 - 0x00007ff9f2f1c000 	C:\WINDOWS\System32\bcryptPrimitives.dll
0x00007ff9e9e30000 - 0x00007ff9e9e3e000 	C:\Program Files\Android\Android Studio\jbr\bin\instrument.dll
0x00007ff9d8390000 - 0x00007ff9d83b0000 	C:\Program Files\Android\Android Studio\jbr\bin\java.dll
0x00007ff9d6f40000 - 0x00007ff9d6f58000 	C:\Program Files\Android\Android Studio\jbr\bin\zip.dll
0x00007ff9f3890000 - 0x00007ff9f4022000 	C:\WINDOWS\System32\SHELL32.dll
0x00007ff9f01a0000 - 0x00007ff9f0a32000 	C:\WINDOWS\SYSTEM32\windows.storage.dll
0x00007ff9f4500000 - 0x00007ff9f45f7000 	C:\WINDOWS\System32\SHCORE.dll
0x00007ff9f4950000 - 0x00007ff9f49b7000 	C:\WINDOWS\System32\shlwapi.dll
0x00007ff9f2620000 - 0x00007ff9f2649000 	C:\WINDOWS\SYSTEM32\profapi.dll
0x00007ff9d8380000 - 0x00007ff9d8390000 	C:\Program Files\Android\Android Studio\jbr\bin\net.dll
0x00007ff9ea8c0000 - 0x00007ff9ea9e7000 	C:\WINDOWS\SYSTEM32\WINHTTP.dll
0x00007ff9f1ab0000 - 0x00007ff9f1b1c000 	C:\WINDOWS\system32\mswsock.dll
0x00007ff9d6f20000 - 0x00007ff9d6f36000 	C:\Program Files\Android\Android Studio\jbr\bin\nio.dll
0x00007ff9d64d0000 - 0x00007ff9d64e0000 	C:\Program Files\Android\Android Studio\jbr\bin\verify.dll
0x00007ff9e9070000 - 0x00007ff9e9097000 	C:\Users\siuni\.gradle\native\660c5614fbf4a5f2a75b1949f50a0caf5cd603558e7d8a26e50b933a0cfb79d1\windows-amd64\native-platform.dll
0x00007ff99ea60000 - 0x00007ff99ead7000 	C:\Users\siuni\.gradle\native\0.2.8\x86_64-windows-gnu\gradle-fileevents.dll
0x00007ff9e9130000 - 0x00007ff9e9139000 	C:\Program Files\Android\Android Studio\jbr\bin\management.dll
0x00007ff9e9120000 - 0x00007ff9e912b000 	C:\Program Files\Android\Android Studio\jbr\bin\management_ext.dll
0x00007ff9f4ac0000 - 0x00007ff9f4ac8000 	C:\WINDOWS\System32\PSAPI.DLL
0x00007ff9f0df0000 - 0x00007ff9f0e23000 	C:\WINDOWS\SYSTEM32\IPHLPAPI.DLL
0x00007ff9f4030000 - 0x00007ff9f403a000 	C:\WINDOWS\System32\NSI.dll
0x00007ff9e9190000 - 0x00007ff9e9199000 	C:\Program Files\Android\Android Studio\jbr\bin\extnet.dll
0x00007ff9f1dd0000 - 0x00007ff9f1deb000 	C:\WINDOWS\SYSTEM32\CRYPTSP.dll
0x00007ff9f1440000 - 0x00007ff9f1479000 	C:\WINDOWS\system32\rsaenh.dll
0x00007ff9f1b70000 - 0x00007ff9f1ba2000 	C:\WINDOWS\SYSTEM32\USERENV.dll
0x00007ff9f25f0000 - 0x00007ff9f261a000 	C:\WINDOWS\SYSTEM32\bcrypt.dll
0x00007ff9f1db0000 - 0x00007ff9f1dbc000 	C:\WINDOWS\SYSTEM32\CRYPTBASE.dll
0x00007ff9d0060000 - 0x00007ff9d0068000 	C:\WINDOWS\system32\wshunix.dll

JVMTI agents:
C:\Users\siuni\.gradle\wrapper\dists\gradle-9.4.1-bin\arn2x92ynaizyzdaamcbpbhtj\gradle-9.4.1\lib\agents\gradle-instrumentation-agent-9.4.1.jar path:C:\Program Files\Android\Android Studio\jbr\bin\instrument.dll, loaded, initialized, instrumentlib options:none

dbghelp: loaded successfully - version: 4.0.5 - missing functions: none
symbol engine: initialized successfully - sym options: 0x614 - pdb path: .;C:\Program Files\Android\Android Studio\jbr\bin;C:\WINDOWS\SYSTEM32;C:\WINDOWS\WinSxS\amd64_microsoft.windows.common-controls_6595b64144ccf1df_6.0.26100.8875_none_3e0d5d42e32fe9dd;C:\Program Files\Android\Android Studio\jbr\bin\server;C:\Users\siuni\.gradle\native\660c5614fbf4a5f2a75b1949f50a0caf5cd603558e7d8a26e50b933a0cfb79d1\windows-amd64;C:\Users\siuni\.gradle\native\0.2.8\x86_64-windows-gnu

VM Arguments:
jvm_args: --add-opens=java.base/java.lang=ALL-UNNAMED --add-opens=java.base/java.lang.invoke=ALL-UNNAMED --add-opens=java.base/java.util=ALL-UNNAMED --add-opens=java.prefs/java.util.prefs=ALL-UNNAMED --add-exports=jdk.compiler/com.sun.tools.javac.api=ALL-UNNAMED --add-exports=jdk.compiler/com.sun.tools.javac.util=ALL-UNNAMED --add-opens=java.base/java.util=ALL-UNNAMED --add-opens=java.prefs/java.util.prefs=ALL-UNNAMED --add-opens=java.base/java.nio.charset=ALL-UNNAMED --add-opens=java.base/java.net=ALL-UNNAMED --add-opens=java.base/java.util.concurrent=ALL-UNNAMED --add-opens=java.base/java.util.concurrent.atomic=ALL-UNNAMED --add-opens=java.xml/javax.xml.namespace=ALL-UNNAMED --add-opens=java.base/java.time=ALL-UNNAMED -Xmx2048m -Dfile.encoding=UTF-8 -Duser.country=ES -Duser.language=es -Duser.variant -javaagent:C:\Users\siuni\.gradle\wrapper\dists\gradle-9.4.1-bin\arn2x92ynaizyzdaamcbpbhtj\gradle-9.4.1\lib\agents\gradle-instrumentation-agent-9.4.1.jar 
java_command: org.gradle.launcher.daemon.bootstrap.GradleDaemon 9.4.1
java_class_path (initial): C:\Users\siuni\.gradle\wrapper\dists\gradle-9.4.1-bin\arn2x92ynaizyzdaamcbpbhtj\gradle-9.4.1\lib\gradle-daemon-main-9.4.1.jar
Launcher Type: SUN_STANDARD

[Global flags]
     intx CICompilerCount                          = 12                                        {product} {ergonomic}
     uint ConcGCThreads                            = 5                                         {product} {ergonomic}
     uint G1ConcRefinementThreads                  = 18                                        {product} {ergonomic}
   size_t G1HeapRegionSize                         = 1048576                                   {product} {ergonomic}
    uintx GCDrainStackTargetSize                   = 64                                        {product} {ergonomic}
   size_t InitialHeapSize                          = 532676608                                 {product} {ergonomic}
   size_t MarkStackSize                            = 4194304                                   {product} {ergonomic}
   size_t MaxHeapSize                              = 2147483648                                {product} {command line}
   size_t MaxNewSize                               = 1287651328                                {product} {ergonomic}
   size_t MinHeapDeltaBytes                        = 1048576                                   {product} {ergonomic}
   size_t MinHeapSize                              = 8388608                                   {product} {ergonomic}
    uintx NonNMethodCodeHeapSize                   = 7602480                                {pd product} {ergonomic}
    uintx NonProfiledCodeHeapSize                  = 122027880                              {pd product} {ergonomic}
    uintx ProfiledCodeHeapSize                     = 122027880                              {pd product} {ergonomic}
    uintx ReservedCodeCacheSize                    = 251658240                              {pd product} {ergonomic}
     bool SegmentedCodeCache                       = true                                      {product} {ergonomic}
   size_t SoftMaxHeapSize                          = 2147483648                             {manageable} {ergonomic}
     bool UseCompressedOops                        = true                           {product lp64_product} {ergonomic}
     bool UseG1GC                                  = true                                      {product} {ergonomic}
     bool UseLargePagesIndividualAllocation        = false                                  {pd product} {ergonomic}

Logging:
Log output configuration:
 #0: stdout all=warning uptime,level,tags foldmultilines=false
 #1: stderr all=off uptime,level,tags foldmultilines=false

Release file:
JAVA_VERSION="21.0.10" 
MODULES="java.base java.compiler java.datatransfer java.xml java.prefs java.desktop java.instrument java.logging java.management java.security.sasl java.naming java.rmi java.management.rmi java.net.http java.scripting java.security.jgss java.transaction.xa java.sql java.sql.rowset java.xml.crypto java.se java.smartcardio jdk.accessibility jdk.internal.jvmstat jdk.attach jdk.charsets jdk.internal.opt jdk.zipfs jdk.compiler jdk.crypto.ec jdk.crypto.cryptoki jdk.dynalink jdk.hotspot.agent jdk.httpserver jdk.internal.ed jdk.internal.le jdk.internal.vm.ci jdk.jartool jdk.javadoc jdk.jcmd jdk.jdeps jdk.jdwp.agent jdk.jdi jdk.jfr jdk.jlink jdk.jsobject jdk.localedata jdk.management jdk.management.agent jdk.management.jfr jdk.naming.dns jdk.naming.rmi jdk.net jdk.sctp jdk.security.auth jdk.security.jgss jdk.unsupported jdk.unsupported.desktop jdk.xml.dom" 
IMPLEMENTOR="JetBrains s.r.o." 
JAVA_RUNTIME_VERSION="21.0.10+-14961533-b1163.108" 
LIBC="default" 
OS_ARCH="x86_64" 
OS_NAME="Windows" 
SOURCE=".:git:1351622c2ff2" 

Environment Variables:
JAVA_HOME=C:\Program Files\Android\Android Studio\jbr
PATH=C:\Program Files (x86)\Common Files\Oracle\Java\java8path;C:\Program Files (x86)\Common Files\Oracle\Java\javapath;C:\Windows\system32;C:\Windows;C:\Windows\System32\Wbem;C:\Windows\System32\WindowsPowerShell\v1.0\;C:\Windows\System32\OpenSSH\;C:\Program Files (x86)\NVIDIA Corporation\PhysX\Common;C:\Program Files\NVIDIA Corporation\NVIDIA NvDLISR;C:\Program Files\PuTTY\;C:\Program Files\Git\cmd;C:\Program Files\dotnet\;C:\WINDOWS\system32;C:\WINDOWS;C:\WINDOWS\System32\Wbem;C:\WINDOWS\System32\WindowsPowerShell\v1.0\;C:\WINDOWS\System32\OpenSSH\;C:\Program Files (x86)\GtkSharp\2.12\bin;C:\Program Files\nodejs\;C:\Program Files\Docker\Docker\resources\bin;C:\Users\siuni\.local\bin;C:\Users\siuni\AppData\Local\Programs\Python\Launcher\;C:\Program Files\MySQL\MySQL Shell 9.2\bin\;C:\Users\siuni\AppData\Local\Microsoft\WindowsApps;C:\Users\siuni\AppData\Local\GitHubDesktop\bin;C:\Users\siuni\AppData\Roaming\TinyTeX\bin\windows;C:\Users\siuni\AppData\Local\Muse Hub\lib;C:\Users\siuni\AppData\Local\Programs\Microsoft VS Code\bin;C:\Program Files\MySQL\MySQL Server 8.0\bin;C:\Users\siuni\AppData\Local\Programs\mongosh\;C:\Users\siuni\.dotnet\tools;C:\Users\siuni\AppData\Roaming\npm;C:\Users\siuni\AppData\Local\Programs\cursor\resources\app\bin;C:\Users\siuni\Downloads\flutter\bin;C:\Users\siuni\AppData\Local\Programs\Antigravity\bin;C:\Users\siuni\AppData\Local\Packages\PythonSoftwareFoundation.Python.3.13_qbz5n2kfra8p0\LocalCache\local-packages\Python313\Scripts;
USERNAME=siuni
OS=Windows_NT
PROCESSOR_IDENTIFIER=Intel64 Family 6 Model 183 Stepping 1, GenuineIntel
TMP=C:\Users\siuni\AppData\Local\Temp
TEMP=C:\Users\siuni\AppData\Local\Temp




Periodic native trim disabled

JNI global refs:
JNI global refs: 33, weak refs: 0

JNI global refs memory usage: 835, weak refs: 833

Process memory usage:
Resident Set Size: 274684K (0% of 33288056K total physical memory with 635968K free physical memory)

OOME stack traces (most recent first):
Classloader memory used:
Loader org.gradle.internal.classloader.VisitableURLClassLoader                         : 29043K
Loader bootstrap                                                                       : 21506K
Loader org.gradle.initialization.MixInLegacyTypesClassLoader                           : 6449K
Loader jdk.internal.loader.ClassLoaders$AppClassLoader                                 : 189K
Loader jdk.internal.loader.ClassLoaders$PlatformClassLoader                            : 165K
Loader org.gradle.groovy.scripts.internal.DefaultScriptCompilationHandler$ScriptClassLoader: 104K
Loader org.gradle.internal.classloader.VisitableURLClassLoader$InstrumentingVisitableURLClassLoader: 15496B
Loader jdk.internal.reflect.DelegatingClassLoader                                      : 10608B
Loader org.gradle.internal.classloader.VisitableURLClassLoader                         : 9776B

Classes loaded by more than one classloader:
Class org.gradle.internal.classloader.FilteringClassLoader                            : loaded 2 times (x 105B)
Class org.gradle.internal.classloader.ClassLoaderHierarchy                            : loaded 2 times (x 70B)
Class org.gradle.internal.classloader.DefaultClassLoaderFactory                       : loaded 2 times (x 82B)
Class org.gradle.api.internal.DefaultClassPathProvider                                : loaded 2 times (x 76B)
Class [Lorg.gradle.api.internal.ClassPathProvider;                                    : loaded 2 times (x 69B)
Class org.gradle.api.internal.ClassPathProvider                                       : loaded 2 times (x 70B)
Class org.gradle.internal.service.UnknownServiceException                             : loaded 2 times (x 83B)
Class ijJvmDebugger1_4qth3pholj5aahc5kz68rori7                                        : loaded 2 times (x 171B)
Class org.gradle.internal.classpath.TransformedClassPath                              : loaded 2 times (x 96B)
Class org.gradle.internal.classloader.InstrumentingClassLoader                        : loaded 2 times (x 70B)
Class org.gradle.internal.service.ServiceLocator                                      : loaded 2 times (x 70B)
Class org.gradle.api.internal.classpath.DefaultModuleRegistry$DefaultModule           : loaded 2 times (x 82B)
Class org.gradle.api.internal.classpath.Module                                        : loaded 2 times (x 70B)
Class ijJvmDebugger1_4qth3pholj5aahc5kz68rori7$_run_closure1$_closure2                : loaded 2 times (x 140B)
Class org.gradle.api.internal.classpath.UnknownModuleException                        : loaded 2 times (x 82B)
Class org.gradle.api.internal.DefaultClassPathRegistry                                : loaded 2 times (x 76B)
Class org.gradle.internal.classpath.DefaultClassPath$ImmutableUniqueList              : loaded 2 times (x 199B)
Class org.gradle.api.internal.ClassPathRegistry                                       : loaded 2 times (x 70B)
Class org.gradle.internal.classpath.ClassPath                                         : loaded 2 times (x 70B)
Class org.gradle.api.internal.classpath.DefaultModuleRegistry$DefaultModuleAlias      : loaded 2 times (x 80B)
Class ijKotlinCoroutineJvmDebugInit1_48h3chjpoin0d8lt4tjr0rvjb                        : loaded 2 times (x 171B)
Class org.gradle.api.internal.classpath.ModuleRegistry                                : loaded 2 times (x 70B)
Class org.gradle.internal.installation.GradleInstallation$1                           : loaded 2 times (x 75B)
Class org.gradle.api.internal.classpath.DefaultModuleRegistry                         : loaded 2 times (x 84B)
Class org.gradle.internal.service.ServiceLookupException                              : loaded 2 times (x 82B)
Class org.gradle.internal.classloader.ClassLoaderFactory                              : loaded 2 times (x 70B)
Class org.gradle.internal.service.CachingServiceLocator                               : loaded 2 times (x 82B)
Class org.gradle.internal.classloader.ClasspathUtil                                   : loaded 2 times (x 71B)
Class org.gradle.api.specs.Spec                                                       : loaded 2 times (x 70B)
Class org.gradle.internal.classloader.VisitableURLClassLoader$InstrumentingVisitableURLClassLoader: loaded 2 times (x 123B)
Class org.gradle.internal.classloader.VisitableURLClassLoader$Spec                    : loaded 2 times (x 74B)
Class org.gradle.internal.classpath.DefaultClassPath                                  : loaded 2 times (x 90B)
Class org.gradle.internal.classloader.ClassLoaderSpec                                 : loaded 2 times (x 71B)
Class org.gradle.api.internal.classpath.Module$ModuleAlias                            : loaded 2 times (x 70B)
Class org.gradle.internal.classloader.VisitableURLClassLoader                         : loaded 2 times (x 117B)
Class org.gradle.internal.Cast                                                        : loaded 2 times (x 71B)
Class org.gradle.api.Action                                                           : loaded 2 times (x 70B)
Class ijJvmDebugger1_4qth3pholj5aahc5kz68rori7$_run_closure1                          : loaded 2 times (x 139B)
Class ijKotlinCoroutineJvmDebugInit1_48h3chjpoin0d8lt4tjr0rvjb$_run_closure1          : loaded 2 times (x 139B)
Class org.gradle.internal.classpath.DefaultClassPath$ImmutableUniqueList$Builder      : loaded 2 times (x 75B)
Class org.gradle.api.GradleException                                                  : loaded 2 times (x 82B)
Class org.gradle.internal.IoActions                                                   : loaded 2 times (x 71B)
Class ijKotlinCoroutineJvmDebugInit1_48h3chjpoin0d8lt4tjr0rvjb$_run_closure1$_closure2: loaded 2 times (x 139B)
Class org.gradle.internal.installation.CurrentGradleInstallationLocator               : loaded 2 times (x 71B)
Class org.gradle.internal.service.DefaultServiceLocator                               : loaded 2 times (x 83B)
Class org.gradle.internal.installation.CurrentGradleInstallation                      : loaded 2 times (x 73B)
Class org.gradle.util.internal.GUtil                                                  : loaded 2 times (x 71B)
Class org.gradle.internal.installation.GradleInstallation                             : loaded 2 times (x 75B)

---------------  S Y S T E M  ---------------

OS:
 Windows 11 , 64 bit Build 26100 (10.0.26100.8875)
OS uptime: 5 days 19:11 hours
Hyper-V role detected

CPU: total 24 (initial active 24) (12 cores per cpu, 2 threads per core) family 6 model 183 stepping 1 microcode 0x12e, cx8, cmov, fxsr, ht, mmx, 3dnowpref, sse, sse2, sse3, ssse3, sse4.1, sse4.2, popcnt, lzcnt, tsc, tscinvbit, avx, avx2, aes, erms, clmul, bmi1, bmi2, adx, sha, fma, vzeroupper, clflush, clflushopt, clwb, hv, serialize, rdtscp, rdpid, fsrm, f16c, cet_ibt, cet_ss
Processor Information for processor 0
  Max Mhz: 2100, Current Mhz: 2100, Mhz Limit: 2100
Processor Information for processor 1
  Max Mhz: 2100, Current Mhz: 2100, Mhz Limit: 2100
Processor Information for processor 2
  Max Mhz: 2100, Current Mhz: 2100, Mhz Limit: 2100
Processor Information for processor 3
  Max Mhz: 2100, Current Mhz: 2100, Mhz Limit: 2100
Processor Information for processor 4
  Max Mhz: 2100, Current Mhz: 2100, Mhz Limit: 2100
Processor Information for processor 5
  Max Mhz: 2100, Current Mhz: 2100, Mhz Limit: 2100
Processor Information for processor 6
  Max Mhz: 2100, Current Mhz: 2100, Mhz Limit: 2100
Processor Information for processor 7
  Max Mhz: 2100, Current Mhz: 2100, Mhz Limit: 2100
Processor Information for processor 8
  Max Mhz: 2100, Current Mhz: 2100, Mhz Limit: 2100
Processor Information for processor 9
  Max Mhz: 2100, Current Mhz: 2100, Mhz Limit: 2100
Processor Information for processor 10
  Max Mhz: 2100, Current Mhz: 2100, Mhz Limit: 2100
Processor Information for processor 11
  Max Mhz: 2100, Current Mhz: 1453, Mhz Limit: 2100
Processor Information for processor 12
  Max Mhz: 2100, Current Mhz: 2100, Mhz Limit: 2100
Processor Information for processor 13
  Max Mhz: 2100, Current Mhz: 2100, Mhz Limit: 2100
Processor Information for processor 14
  Max Mhz: 2100, Current Mhz: 1453, Mhz Limit: 2100
Processor Information for processor 15
  Max Mhz: 2100, Current Mhz: 2100, Mhz Limit: 2100
Processor Information for processor 16
  Max Mhz: 2100, Current Mhz: 2100, Mhz Limit: 2100
Processor Information for processor 17
  Max Mhz: 2100, Current Mhz: 1540, Mhz Limit: 2100
Processor Information for processor 18
  Max Mhz: 2100, Current Mhz: 2100, Mhz Limit: 2100
Processor Information for processor 19
  Max Mhz: 2100, Current Mhz: 1540, Mhz Limit: 2100
Processor Information for processor 20
  Max Mhz: 2100, Current Mhz: 2100, Mhz Limit: 2100
Processor Information for processor 21
  Max Mhz: 2100, Current Mhz: 2100, Mhz Limit: 2100
Processor Information for processor 22
  Max Mhz: 2100, Current Mhz: 1540, Mhz Limit: 2100
Processor Information for processor 23
  Max Mhz: 2100, Current Mhz: 2100, Mhz Limit: 2100

Memory: 4k page, system-wide physical 32507M (619M free)
TotalPageFile size 44795M (AvailPageFile size 41M)
current process WorkingSet (physical memory assigned to process): 268M, peak: 306M
current process commit charge ("private bytes"): 324M, peak: 687M

vm_info: OpenJDK 64-Bit Server VM (21.0.10+-14961533-b1163.108) for windows-amd64 JRE (21.0.10+-14961533-b1163.108), built on 2026-03-02T19:58:50Z by "builder" with MS VC++ 16.10 / 16.11 (VS2019)

END.
